<?xml version="1.1" encoding="UTF-8" ?>
<data>
	<xdata>
		<x>-10.0000</x>
	<xdata>
	<ydata>
		<x>-9.9900</x>
	<xdata>
	<ydata>
		<x>-9.9800</x>
	<xdata>
	<ydata>
		<x>-9.9700</x>
	<xdata>
	<ydata>
		<x>-9.9600</x>
	<xdata>
	<ydata>
		<x>-9.9500</x>
	<xdata>
	<ydata>
		<x>-9.9400</x>
	<xdata>
	<ydata>
		<x>-9.9300</x>
	<xdata>
	<ydata>
		<x>-9.9200</x>
	<xdata>
	<ydata>
		<x>-9.9100</x>
	<xdata>
	<ydata>
		<x>-9.9000</x>
	<xdata>
	<ydata>
		<x>-9.8900</x>
	<xdata>
	<ydata>
		<x>-9.8800</x>
	<xdata>
	<ydata>
		<x>-9.8700</x>
	<xdata>
	<ydata>
		<x>-9.8600</x>
	<xdata>
	<ydata>
		<x>-9.8500</x>
	<xdata>
	<ydata>
		<x>-9.8400</x>
	<xdata>
	<ydata>
		<x>-9.8300</x>
	<xdata>
	<ydata>
		<x>-9.8200</x>
	<xdata>
	<ydata>
		<x>-9.8100</x>
	<xdata>
	<ydata>
		<x>-9.8000</x>
	<xdata>
	<ydata>
		<x>-9.7900</x>
	<xdata>
	<ydata>
		<x>-9.7800</x>
	<xdata>
	<ydata>
		<x>-9.7700</x>
	<xdata>
	<ydata>
		<x>-9.7600</x>
	<xdata>
	<ydata>
		<x>-9.7500</x>
	<xdata>
	<ydata>
		<x>-9.7400</x>
	<xdata>
	<ydata>
		<x>-9.7300</x>
	<xdata>
	<ydata>
		<x>-9.7200</x>
	<xdata>
	<ydata>
		<x>-9.7100</x>
	<xdata>
	<ydata>
		<x>-9.7000</x>
	<xdata>
	<ydata>
		<x>-9.6900</x>
	<xdata>
	<ydata>
		<x>-9.6800</x>
	<xdata>
	<ydata>
		<x>-9.6700</x>
	<xdata>
	<ydata>
		<x>-9.6600</x>
	<xdata>
	<ydata>
		<x>-9.6500</x>
	<xdata>
	<ydata>
		<x>-9.6400</x>
	<xdata>
	<ydata>
		<x>-9.6300</x>
	<xdata>
	<ydata>
		<x>-9.6200</x>
	<xdata>
	<ydata>
		<x>-9.6100</x>
	<xdata>
	<ydata>
		<x>-9.6000</x>
	<xdata>
	<ydata>
		<x>-9.5900</x>
	<xdata>
	<ydata>
		<x>-9.5800</x>
	<xdata>
	<ydata>
		<x>-9.5700</x>
	<xdata>
	<ydata>
		<x>-9.5600</x>
	<xdata>
	<ydata>
		<x>-9.5500</x>
	<xdata>
	<ydata>
		<x>-9.5400</x>
	<xdata>
	<ydata>
		<x>-9.5300</x>
	<xdata>
	<ydata>
		<x>-9.5200</x>
	<xdata>
	<ydata>
		<x>-9.5100</x>
	<xdata>
	<ydata>
		<x>-9.5000</x>
	<xdata>
	<ydata>
		<x>-9.4900</x>
	<xdata>
	<ydata>
		<x>-9.4800</x>
	<xdata>
	<ydata>
		<x>-9.4700</x>
	<xdata>
	<ydata>
		<x>-9.4600</x>
	<xdata>
	<ydata>
		<x>-9.4500</x>
	<xdata>
	<ydata>
		<x>-9.4400</x>
	<xdata>
	<ydata>
		<x>-9.4300</x>
	<xdata>
	<ydata>
		<x>-9.4200</x>
	<xdata>
	<ydata>
		<x>-9.4100</x>
	<xdata>
	<ydata>
		<x>-9.4000</x>
	<xdata>
	<ydata>
		<x>-9.3900</x>
	<xdata>
	<ydata>
		<x>-9.3800</x>
	<xdata>
	<ydata>
		<x>-9.3700</x>
	<xdata>
	<ydata>
		<x>-9.3600</x>
	<xdata>
	<ydata>
		<x>-9.3500</x>
	<xdata>
	<ydata>
		<x>-9.3400</x>
	<xdata>
	<ydata>
		<x>-9.3300</x>
	<xdata>
	<ydata>
		<x>-9.3200</x>
	<xdata>
	<ydata>
		<x>-9.3100</x>
	<xdata>
	<ydata>
		<x>-9.3000</x>
	<xdata>
	<ydata>
		<x>-9.2900</x>
	<xdata>
	<ydata>
		<x>-9.2800</x>
	<xdata>
	<ydata>
		<x>-9.2700</x>
	<xdata>
	<ydata>
		<x>-9.2600</x>
	<xdata>
	<ydata>
		<x>-9.2500</x>
	<xdata>
	<ydata>
		<x>-9.2400</x>
	<xdata>
	<ydata>
		<x>-9.2300</x>
	<xdata>
	<ydata>
		<x>-9.2200</x>
	<xdata>
	<ydata>
		<x>-9.2100</x>
	<xdata>
	<ydata>
		<x>-9.2000</x>
	<xdata>
	<ydata>
		<x>-9.1900</x>
	<xdata>
	<ydata>
		<x>-9.1800</x>
	<xdata>
	<ydata>
		<x>-9.1700</x>
	<xdata>
	<ydata>
		<x>-9.1600</x>
	<xdata>
	<ydata>
		<x>-9.1500</x>
	<xdata>
	<ydata>
		<x>-9.1400</x>
	<xdata>
	<ydata>
		<x>-9.1300</x>
	<xdata>
	<ydata>
		<x>-9.1200</x>
	<xdata>
	<ydata>
		<x>-9.1100</x>
	<xdata>
	<ydata>
		<x>-9.1000</x>
	<xdata>
	<ydata>
		<x>-9.0900</x>
	<xdata>
	<ydata>
		<x>-9.0800</x>
	<xdata>
	<ydata>
		<x>-9.0700</x>
	<xdata>
	<ydata>
		<x>-9.0600</x>
	<xdata>
	<ydata>
		<x>-9.0500</x>
	<xdata>
	<ydata>
		<x>-9.0400</x>
	<xdata>
	<ydata>
		<x>-9.0300</x>
	<xdata>
	<ydata>
		<x>-9.0200</x>
	<xdata>
	<ydata>
		<x>-9.0100</x>
	<xdata>
	<ydata>
		<x>-9.0000</x>
	<xdata>
	<ydata>
		<x>-8.9900</x>
	<xdata>
	<ydata>
		<x>-8.9800</x>
	<xdata>
	<ydata>
		<x>-8.9700</x>
	<xdata>
	<ydata>
		<x>-8.9600</x>
	<xdata>
	<ydata>
		<x>-8.9500</x>
	<xdata>
	<ydata>
		<x>-8.9400</x>
	<xdata>
	<ydata>
		<x>-8.9300</x>
	<xdata>
	<ydata>
		<x>-8.9200</x>
	<xdata>
	<ydata>
		<x>-8.9100</x>
	<xdata>
	<ydata>
		<x>-8.9000</x>
	<xdata>
	<ydata>
		<x>-8.8900</x>
	<xdata>
	<ydata>
		<x>-8.8800</x>
	<xdata>
	<ydata>
		<x>-8.8700</x>
	<xdata>
	<ydata>
		<x>-8.8600</x>
	<xdata>
	<ydata>
		<x>-8.8500</x>
	<xdata>
	<ydata>
		<x>-8.8400</x>
	<xdata>
	<ydata>
		<x>-8.8300</x>
	<xdata>
	<ydata>
		<x>-8.8200</x>
	<xdata>
	<ydata>
		<x>-8.8100</x>
	<xdata>
	<ydata>
		<x>-8.8000</x>
	<xdata>
	<ydata>
		<x>-8.7900</x>
	<xdata>
	<ydata>
		<x>-8.7800</x>
	<xdata>
	<ydata>
		<x>-8.7700</x>
	<xdata>
	<ydata>
		<x>-8.7600</x>
	<xdata>
	<ydata>
		<x>-8.7500</x>
	<xdata>
	<ydata>
		<x>-8.7400</x>
	<xdata>
	<ydata>
		<x>-8.7300</x>
	<xdata>
	<ydata>
		<x>-8.7200</x>
	<xdata>
	<ydata>
		<x>-8.7100</x>
	<xdata>
	<ydata>
		<x>-8.7000</x>
	<xdata>
	<ydata>
		<x>-8.6900</x>
	<xdata>
	<ydata>
		<x>-8.6800</x>
	<xdata>
	<ydata>
		<x>-8.6700</x>
	<xdata>
	<ydata>
		<x>-8.6600</x>
	<xdata>
	<ydata>
		<x>-8.6500</x>
	<xdata>
	<ydata>
		<x>-8.6400</x>
	<xdata>
	<ydata>
		<x>-8.6300</x>
	<xdata>
	<ydata>
		<x>-8.6200</x>
	<xdata>
	<ydata>
		<x>-8.6100</x>
	<xdata>
	<ydata>
		<x>-8.6000</x>
	<xdata>
	<ydata>
		<x>-8.5900</x>
	<xdata>
	<ydata>
		<x>-8.5800</x>
	<xdata>
	<ydata>
		<x>-8.5700</x>
	<xdata>
	<ydata>
		<x>-8.5600</x>
	<xdata>
	<ydata>
		<x>-8.5500</x>
	<xdata>
	<ydata>
		<x>-8.5400</x>
	<xdata>
	<ydata>
		<x>-8.5300</x>
	<xdata>
	<ydata>
		<x>-8.5200</x>
	<xdata>
	<ydata>
		<x>-8.5100</x>
	<xdata>
	<ydata>
		<x>-8.5000</x>
	<xdata>
	<ydata>
		<x>-8.4900</x>
	<xdata>
	<ydata>
		<x>-8.4800</x>
	<xdata>
	<ydata>
		<x>-8.4700</x>
	<xdata>
	<ydata>
		<x>-8.4600</x>
	<xdata>
	<ydata>
		<x>-8.4500</x>
	<xdata>
	<ydata>
		<x>-8.4400</x>
	<xdata>
	<ydata>
		<x>-8.4300</x>
	<xdata>
	<ydata>
		<x>-8.4200</x>
	<xdata>
	<ydata>
		<x>-8.4100</x>
	<xdata>
	<ydata>
		<x>-8.4000</x>
	<xdata>
	<ydata>
		<x>-8.3900</x>
	<xdata>
	<ydata>
		<x>-8.3800</x>
	<xdata>
	<ydata>
		<x>-8.3700</x>
	<xdata>
	<ydata>
		<x>-8.3600</x>
	<xdata>
	<ydata>
		<x>-8.3500</x>
	<xdata>
	<ydata>
		<x>-8.3400</x>
	<xdata>
	<ydata>
		<x>-8.3300</x>
	<xdata>
	<ydata>
		<x>-8.3200</x>
	<xdata>
	<ydata>
		<x>-8.3100</x>
	<xdata>
	<ydata>
		<x>-8.3000</x>
	<xdata>
	<ydata>
		<x>-8.2900</x>
	<xdata>
	<ydata>
		<x>-8.2800</x>
	<xdata>
	<ydata>
		<x>-8.2700</x>
	<xdata>
	<ydata>
		<x>-8.2600</x>
	<xdata>
	<ydata>
		<x>-8.2500</x>
	<xdata>
	<ydata>
		<x>-8.2400</x>
	<xdata>
	<ydata>
		<x>-8.2300</x>
	<xdata>
	<ydata>
		<x>-8.2200</x>
	<xdata>
	<ydata>
		<x>-8.2100</x>
	<xdata>
	<ydata>
		<x>-8.2000</x>
	<xdata>
	<ydata>
		<x>-8.1900</x>
	<xdata>
	<ydata>
		<x>-8.1800</x>
	<xdata>
	<ydata>
		<x>-8.1700</x>
	<xdata>
	<ydata>
		<x>-8.1600</x>
	<xdata>
	<ydata>
		<x>-8.1500</x>
	<xdata>
	<ydata>
		<x>-8.1400</x>
	<xdata>
	<ydata>
		<x>-8.1300</x>
	<xdata>
	<ydata>
		<x>-8.1200</x>
	<xdata>
	<ydata>
		<x>-8.1100</x>
	<xdata>
	<ydata>
		<x>-8.1000</x>
	<xdata>
	<ydata>
		<x>-8.0900</x>
	<xdata>
	<ydata>
		<x>-8.0800</x>
	<xdata>
	<ydata>
		<x>-8.0700</x>
	<xdata>
	<ydata>
		<x>-8.0600</x>
	<xdata>
	<ydata>
		<x>-8.0500</x>
	<xdata>
	<ydata>
		<x>-8.0400</x>
	<xdata>
	<ydata>
		<x>-8.0300</x>
	<xdata>
	<ydata>
		<x>-8.0200</x>
	<xdata>
	<ydata>
		<x>-8.0100</x>
	<xdata>
	<ydata>
		<x>-8.0000</x>
	<xdata>
	<ydata>
		<x>-7.9900</x>
	<xdata>
	<ydata>
		<x>-7.9800</x>
	<xdata>
	<ydata>
		<x>-7.9700</x>
	<xdata>
	<ydata>
		<x>-7.9600</x>
	<xdata>
	<ydata>
		<x>-7.9500</x>
	<xdata>
	<ydata>
		<x>-7.9400</x>
	<xdata>
	<ydata>
		<x>-7.9300</x>
	<xdata>
	<ydata>
		<x>-7.9200</x>
	<xdata>
	<ydata>
		<x>-7.9100</x>
	<xdata>
	<ydata>
		<x>-7.9000</x>
	<xdata>
	<ydata>
		<x>-7.8900</x>
	<xdata>
	<ydata>
		<x>-7.8800</x>
	<xdata>
	<ydata>
		<x>-7.8700</x>
	<xdata>
	<ydata>
		<x>-7.8600</x>
	<xdata>
	<ydata>
		<x>-7.8500</x>
	<xdata>
	<ydata>
		<x>-7.8400</x>
	<xdata>
	<ydata>
		<x>-7.8300</x>
	<xdata>
	<ydata>
		<x>-7.8200</x>
	<xdata>
	<ydata>
		<x>-7.8100</x>
	<xdata>
	<ydata>
		<x>-7.8000</x>
	<xdata>
	<ydata>
		<x>-7.7900</x>
	<xdata>
	<ydata>
		<x>-7.7800</x>
	<xdata>
	<ydata>
		<x>-7.7700</x>
	<xdata>
	<ydata>
		<x>-7.7600</x>
	<xdata>
	<ydata>
		<x>-7.7500</x>
	<xdata>
	<ydata>
		<x>-7.7400</x>
	<xdata>
	<ydata>
		<x>-7.7300</x>
	<xdata>
	<ydata>
		<x>-7.7200</x>
	<xdata>
	<ydata>
		<x>-7.7100</x>
	<xdata>
	<ydata>
		<x>-7.7000</x>
	<xdata>
	<ydata>
		<x>-7.6900</x>
	<xdata>
	<ydata>
		<x>-7.6800</x>
	<xdata>
	<ydata>
		<x>-7.6700</x>
	<xdata>
	<ydata>
		<x>-7.6600</x>
	<xdata>
	<ydata>
		<x>-7.6500</x>
	<xdata>
	<ydata>
		<x>-7.6400</x>
	<xdata>
	<ydata>
		<x>-7.6300</x>
	<xdata>
	<ydata>
		<x>-7.6200</x>
	<xdata>
	<ydata>
		<x>-7.6100</x>
	<xdata>
	<ydata>
		<x>-7.6000</x>
	<xdata>
	<ydata>
		<x>-7.5900</x>
	<xdata>
	<ydata>
		<x>-7.5800</x>
	<xdata>
	<ydata>
		<x>-7.5700</x>
	<xdata>
	<ydata>
		<x>-7.5600</x>
	<xdata>
	<ydata>
		<x>-7.5500</x>
	<xdata>
	<ydata>
		<x>-7.5400</x>
	<xdata>
	<ydata>
		<x>-7.5300</x>
	<xdata>
	<ydata>
		<x>-7.5200</x>
	<xdata>
	<ydata>
		<x>-7.5100</x>
	<xdata>
	<ydata>
		<x>-7.5000</x>
	<xdata>
	<ydata>
		<x>-7.4900</x>
	<xdata>
	<ydata>
		<x>-7.4800</x>
	<xdata>
	<ydata>
		<x>-7.4700</x>
	<xdata>
	<ydata>
		<x>-7.4600</x>
	<xdata>
	<ydata>
		<x>-7.4500</x>
	<xdata>
	<ydata>
		<x>-7.4400</x>
	<xdata>
	<ydata>
		<x>-7.4300</x>
	<xdata>
	<ydata>
		<x>-7.4200</x>
	<xdata>
	<ydata>
		<x>-7.4100</x>
	<xdata>
	<ydata>
		<x>-7.4000</x>
	<xdata>
	<ydata>
		<x>-7.3900</x>
	<xdata>
	<ydata>
		<x>-7.3800</x>
	<xdata>
	<ydata>
		<x>-7.3700</x>
	<xdata>
	<ydata>
		<x>-7.3600</x>
	<xdata>
	<ydata>
		<x>-7.3500</x>
	<xdata>
	<ydata>
		<x>-7.3400</x>
	<xdata>
	<ydata>
		<x>-7.3300</x>
	<xdata>
	<ydata>
		<x>-7.3200</x>
	<xdata>
	<ydata>
		<x>-7.3100</x>
	<xdata>
	<ydata>
		<x>-7.3000</x>
	<xdata>
	<ydata>
		<x>-7.2900</x>
	<xdata>
	<ydata>
		<x>-7.2800</x>
	<xdata>
	<ydata>
		<x>-7.2700</x>
	<xdata>
	<ydata>
		<x>-7.2600</x>
	<xdata>
	<ydata>
		<x>-7.2500</x>
	<xdata>
	<ydata>
		<x>-7.2400</x>
	<xdata>
	<ydata>
		<x>-7.2300</x>
	<xdata>
	<ydata>
		<x>-7.2200</x>
	<xdata>
	<ydata>
		<x>-7.2100</x>
	<xdata>
	<ydata>
		<x>-7.2000</x>
	<xdata>
	<ydata>
		<x>-7.1900</x>
	<xdata>
	<ydata>
		<x>-7.1800</x>
	<xdata>
	<ydata>
		<x>-7.1700</x>
	<xdata>
	<ydata>
		<x>-7.1600</x>
	<xdata>
	<ydata>
		<x>-7.1500</x>
	<xdata>
	<ydata>
		<x>-7.1400</x>
	<xdata>
	<ydata>
		<x>-7.1300</x>
	<xdata>
	<ydata>
		<x>-7.1200</x>
	<xdata>
	<ydata>
		<x>-7.1100</x>
	<xdata>
	<ydata>
		<x>-7.1000</x>
	<xdata>
	<ydata>
		<x>-7.0900</x>
	<xdata>
	<ydata>
		<x>-7.0800</x>
	<xdata>
	<ydata>
		<x>-7.0700</x>
	<xdata>
	<ydata>
		<x>-7.0600</x>
	<xdata>
	<ydata>
		<x>-7.0500</x>
	<xdata>
	<ydata>
		<x>-7.0400</x>
	<xdata>
	<ydata>
		<x>-7.0300</x>
	<xdata>
	<ydata>
		<x>-7.0200</x>
	<xdata>
	<ydata>
		<x>-7.0100</x>
	<xdata>
	<ydata>
		<x>-7.0000</x>
	<xdata>
	<ydata>
		<x>-6.9900</x>
	<xdata>
	<ydata>
		<x>-6.9800</x>
	<xdata>
	<ydata>
		<x>-6.9700</x>
	<xdata>
	<ydata>
		<x>-6.9600</x>
	<xdata>
	<ydata>
		<x>-6.9500</x>
	<xdata>
	<ydata>
		<x>-6.9400</x>
	<xdata>
	<ydata>
		<x>-6.9300</x>
	<xdata>
	<ydata>
		<x>-6.9200</x>
	<xdata>
	<ydata>
		<x>-6.9100</x>
	<xdata>
	<ydata>
		<x>-6.9000</x>
	<xdata>
	<ydata>
		<x>-6.8900</x>
	<xdata>
	<ydata>
		<x>-6.8800</x>
	<xdata>
	<ydata>
		<x>-6.8700</x>
	<xdata>
	<ydata>
		<x>-6.8600</x>
	<xdata>
	<ydata>
		<x>-6.8500</x>
	<xdata>
	<ydata>
		<x>-6.8400</x>
	<xdata>
	<ydata>
		<x>-6.8300</x>
	<xdata>
	<ydata>
		<x>-6.8200</x>
	<xdata>
	<ydata>
		<x>-6.8100</x>
	<xdata>
	<ydata>
		<x>-6.8000</x>
	<xdata>
	<ydata>
		<x>-6.7900</x>
	<xdata>
	<ydata>
		<x>-6.7800</x>
	<xdata>
	<ydata>
		<x>-6.7700</x>
	<xdata>
	<ydata>
		<x>-6.7600</x>
	<xdata>
	<ydata>
		<x>-6.7500</x>
	<xdata>
	<ydata>
		<x>-6.7400</x>
	<xdata>
	<ydata>
		<x>-6.7300</x>
	<xdata>
	<ydata>
		<x>-6.7200</x>
	<xdata>
	<ydata>
		<x>-6.7100</x>
	<xdata>
	<ydata>
		<x>-6.7000</x>
	<xdata>
	<ydata>
		<x>-6.6900</x>
	<xdata>
	<ydata>
		<x>-6.6800</x>
	<xdata>
	<ydata>
		<x>-6.6700</x>
	<xdata>
	<ydata>
		<x>-6.6600</x>
	<xdata>
	<ydata>
		<x>-6.6500</x>
	<xdata>
	<ydata>
		<x>-6.6400</x>
	<xdata>
	<ydata>
		<x>-6.6300</x>
	<xdata>
	<ydata>
		<x>-6.6200</x>
	<xdata>
	<ydata>
		<x>-6.6100</x>
	<xdata>
	<ydata>
		<x>-6.6000</x>
	<xdata>
	<ydata>
		<x>-6.5900</x>
	<xdata>
	<ydata>
		<x>-6.5800</x>
	<xdata>
	<ydata>
		<x>-6.5700</x>
	<xdata>
	<ydata>
		<x>-6.5600</x>
	<xdata>
	<ydata>
		<x>-6.5500</x>
	<xdata>
	<ydata>
		<x>-6.5400</x>
	<xdata>
	<ydata>
		<x>-6.5300</x>
	<xdata>
	<ydata>
		<x>-6.5200</x>
	<xdata>
	<ydata>
		<x>-6.5100</x>
	<xdata>
	<ydata>
		<x>-6.5000</x>
	<xdata>
	<ydata>
		<x>-6.4900</x>
	<xdata>
	<ydata>
		<x>-6.4800</x>
	<xdata>
	<ydata>
		<x>-6.4700</x>
	<xdata>
	<ydata>
		<x>-6.4600</x>
	<xdata>
	<ydata>
		<x>-6.4500</x>
	<xdata>
	<ydata>
		<x>-6.4400</x>
	<xdata>
	<ydata>
		<x>-6.4300</x>
	<xdata>
	<ydata>
		<x>-6.4200</x>
	<xdata>
	<ydata>
		<x>-6.4100</x>
	<xdata>
	<ydata>
		<x>-6.4000</x>
	<xdata>
	<ydata>
		<x>-6.3900</x>
	<xdata>
	<ydata>
		<x>-6.3800</x>
	<xdata>
	<ydata>
		<x>-6.3700</x>
	<xdata>
	<ydata>
		<x>-6.3600</x>
	<xdata>
	<ydata>
		<x>-6.3500</x>
	<xdata>
	<ydata>
		<x>-6.3400</x>
	<xdata>
	<ydata>
		<x>-6.3300</x>
	<xdata>
	<ydata>
		<x>-6.3200</x>
	<xdata>
	<ydata>
		<x>-6.3100</x>
	<xdata>
	<ydata>
		<x>-6.3000</x>
	<xdata>
	<ydata>
		<x>-6.2900</x>
	<xdata>
	<ydata>
		<x>-6.2800</x>
	<xdata>
	<ydata>
		<x>-6.2700</x>
	<xdata>
	<ydata>
		<x>-6.2600</x>
	<xdata>
	<ydata>
		<x>-6.2500</x>
	<xdata>
	<ydata>
		<x>-6.2400</x>
	<xdata>
	<ydata>
		<x>-6.2300</x>
	<xdata>
	<ydata>
		<x>-6.2200</x>
	<xdata>
	<ydata>
		<x>-6.2100</x>
	<xdata>
	<ydata>
		<x>-6.2000</x>
	<xdata>
	<ydata>
		<x>-6.1900</x>
	<xdata>
	<ydata>
		<x>-6.1800</x>
	<xdata>
	<ydata>
		<x>-6.1700</x>
	<xdata>
	<ydata>
		<x>-6.1600</x>
	<xdata>
	<ydata>
		<x>-6.1500</x>
	<xdata>
	<ydata>
		<x>-6.1400</x>
	<xdata>
	<ydata>
		<x>-6.1300</x>
	<xdata>
	<ydata>
		<x>-6.1200</x>
	<xdata>
	<ydata>
		<x>-6.1100</x>
	<xdata>
	<ydata>
		<x>-6.1000</x>
	<xdata>
	<ydata>
		<x>-6.0900</x>
	<xdata>
	<ydata>
		<x>-6.0800</x>
	<xdata>
	<ydata>
		<x>-6.0700</x>
	<xdata>
	<ydata>
		<x>-6.0600</x>
	<xdata>
	<ydata>
		<x>-6.0500</x>
	<xdata>
	<ydata>
		<x>-6.0400</x>
	<xdata>
	<ydata>
		<x>-6.0300</x>
	<xdata>
	<ydata>
		<x>-6.0200</x>
	<xdata>
	<ydata>
		<x>-6.0100</x>
	<xdata>
	<ydata>
		<x>-6.0000</x>
	<xdata>
	<ydata>
		<x>-5.9900</x>
	<xdata>
	<ydata>
		<x>-5.9800</x>
	<xdata>
	<ydata>
		<x>-5.9700</x>
	<xdata>
	<ydata>
		<x>-5.9600</x>
	<xdata>
	<ydata>
		<x>-5.9500</x>
	<xdata>
	<ydata>
		<x>-5.9400</x>
	<xdata>
	<ydata>
		<x>-5.9300</x>
	<xdata>
	<ydata>
		<x>-5.9200</x>
	<xdata>
	<ydata>
		<x>-5.9100</x>
	<xdata>
	<ydata>
		<x>-5.9000</x>
	<xdata>
	<ydata>
		<x>-5.8900</x>
	<xdata>
	<ydata>
		<x>-5.8800</x>
	<xdata>
	<ydata>
		<x>-5.8700</x>
	<xdata>
	<ydata>
		<x>-5.8600</x>
	<xdata>
	<ydata>
		<x>-5.8500</x>
	<xdata>
	<ydata>
		<x>-5.8400</x>
	<xdata>
	<ydata>
		<x>-5.8300</x>
	<xdata>
	<ydata>
		<x>-5.8200</x>
	<xdata>
	<ydata>
		<x>-5.8100</x>
	<xdata>
	<ydata>
		<x>-5.8000</x>
	<xdata>
	<ydata>
		<x>-5.7900</x>
	<xdata>
	<ydata>
		<x>-5.7800</x>
	<xdata>
	<ydata>
		<x>-5.7700</x>
	<xdata>
	<ydata>
		<x>-5.7600</x>
	<xdata>
	<ydata>
		<x>-5.7500</x>
	<xdata>
	<ydata>
		<x>-5.7400</x>
	<xdata>
	<ydata>
		<x>-5.7300</x>
	<xdata>
	<ydata>
		<x>-5.7200</x>
	<xdata>
	<ydata>
		<x>-5.7100</x>
	<xdata>
	<ydata>
		<x>-5.7000</x>
	<xdata>
	<ydata>
		<x>-5.6900</x>
	<xdata>
	<ydata>
		<x>-5.6800</x>
	<xdata>
	<ydata>
		<x>-5.6700</x>
	<xdata>
	<ydata>
		<x>-5.6600</x>
	<xdata>
	<ydata>
		<x>-5.6500</x>
	<xdata>
	<ydata>
		<x>-5.6400</x>
	<xdata>
	<ydata>
		<x>-5.6300</x>
	<xdata>
	<ydata>
		<x>-5.6200</x>
	<xdata>
	<ydata>
		<x>-5.6100</x>
	<xdata>
	<ydata>
		<x>-5.6000</x>
	<xdata>
	<ydata>
		<x>-5.5900</x>
	<xdata>
	<ydata>
		<x>-5.5800</x>
	<xdata>
	<ydata>
		<x>-5.5700</x>
	<xdata>
	<ydata>
		<x>-5.5600</x>
	<xdata>
	<ydata>
		<x>-5.5500</x>
	<xdata>
	<ydata>
		<x>-5.5400</x>
	<xdata>
	<ydata>
		<x>-5.5300</x>
	<xdata>
	<ydata>
		<x>-5.5200</x>
	<xdata>
	<ydata>
		<x>-5.5100</x>
	<xdata>
	<ydata>
		<x>-5.5000</x>
	<xdata>
	<ydata>
		<x>-5.4900</x>
	<xdata>
	<ydata>
		<x>-5.4800</x>
	<xdata>
	<ydata>
		<x>-5.4700</x>
	<xdata>
	<ydata>
		<x>-5.4600</x>
	<xdata>
	<ydata>
		<x>-5.4500</x>
	<xdata>
	<ydata>
		<x>-5.4400</x>
	<xdata>
	<ydata>
		<x>-5.4300</x>
	<xdata>
	<ydata>
		<x>-5.4200</x>
	<xdata>
	<ydata>
		<x>-5.4100</x>
	<xdata>
	<ydata>
		<x>-5.4000</x>
	<xdata>
	<ydata>
		<x>-5.3900</x>
	<xdata>
	<ydata>
		<x>-5.3800</x>
	<xdata>
	<ydata>
		<x>-5.3700</x>
	<xdata>
	<ydata>
		<x>-5.3600</x>
	<xdata>
	<ydata>
		<x>-5.3500</x>
	<xdata>
	<ydata>
		<x>-5.3400</x>
	<xdata>
	<ydata>
		<x>-5.3300</x>
	<xdata>
	<ydata>
		<x>-5.3200</x>
	<xdata>
	<ydata>
		<x>-5.3100</x>
	<xdata>
	<ydata>
		<x>-5.3000</x>
	<xdata>
	<ydata>
		<x>-5.2900</x>
	<xdata>
	<ydata>
		<x>-5.2800</x>
	<xdata>
	<ydata>
		<x>-5.2700</x>
	<xdata>
	<ydata>
		<x>-5.2600</x>
	<xdata>
	<ydata>
		<x>-5.2500</x>
	<xdata>
	<ydata>
		<x>-5.2400</x>
	<xdata>
	<ydata>
		<x>-5.2300</x>
	<xdata>
	<ydata>
		<x>-5.2200</x>
	<xdata>
	<ydata>
		<x>-5.2100</x>
	<xdata>
	<ydata>
		<x>-5.2000</x>
	<xdata>
	<ydata>
		<x>-5.1900</x>
	<xdata>
	<ydata>
		<x>-5.1800</x>
	<xdata>
	<ydata>
		<x>-5.1700</x>
	<xdata>
	<ydata>
		<x>-5.1600</x>
	<xdata>
	<ydata>
		<x>-5.1500</x>
	<xdata>
	<ydata>
		<x>-5.1400</x>
	<xdata>
	<ydata>
		<x>-5.1300</x>
	<xdata>
	<ydata>
		<x>-5.1200</x>
	<xdata>
	<ydata>
		<x>-5.1100</x>
	<xdata>
	<ydata>
		<x>-5.1000</x>
	<xdata>
	<ydata>
		<x>-5.0900</x>
	<xdata>
	<ydata>
		<x>-5.0800</x>
	<xdata>
	<ydata>
		<x>-5.0700</x>
	<xdata>
	<ydata>
		<x>-5.0600</x>
	<xdata>
	<ydata>
		<x>-5.0500</x>
	<xdata>
	<ydata>
		<x>-5.0400</x>
	<xdata>
	<ydata>
		<x>-5.0300</x>
	<xdata>
	<ydata>
		<x>-5.0200</x>
	<xdata>
	<ydata>
		<x>-5.0100</x>
	<xdata>
	<ydata>
		<x>-5.0000</x>
	<xdata>
	<ydata>
		<x>-4.9900</x>
	<xdata>
	<ydata>
		<x>-4.9800</x>
	<xdata>
	<ydata>
		<x>-4.9700</x>
	<xdata>
	<ydata>
		<x>-4.9600</x>
	<xdata>
	<ydata>
		<x>-4.9500</x>
	<xdata>
	<ydata>
		<x>-4.9400</x>
	<xdata>
	<ydata>
		<x>-4.9300</x>
	<xdata>
	<ydata>
		<x>-4.9200</x>
	<xdata>
	<ydata>
		<x>-4.9100</x>
	<xdata>
	<ydata>
		<x>-4.9000</x>
	<xdata>
	<ydata>
		<x>-4.8900</x>
	<xdata>
	<ydata>
		<x>-4.8800</x>
	<xdata>
	<ydata>
		<x>-4.8700</x>
	<xdata>
	<ydata>
		<x>-4.8600</x>
	<xdata>
	<ydata>
		<x>-4.8500</x>
	<xdata>
	<ydata>
		<x>-4.8400</x>
	<xdata>
	<ydata>
		<x>-4.8300</x>
	<xdata>
	<ydata>
		<x>-4.8200</x>
	<xdata>
	<ydata>
		<x>-4.8100</x>
	<xdata>
	<ydata>
		<x>-4.8000</x>
	<xdata>
	<ydata>
		<x>-4.7900</x>
	<xdata>
	<ydata>
		<x>-4.7800</x>
	<xdata>
	<ydata>
		<x>-4.7700</x>
	<xdata>
	<ydata>
		<x>-4.7600</x>
	<xdata>
	<ydata>
		<x>-4.7500</x>
	<xdata>
	<ydata>
		<x>-4.7400</x>
	<xdata>
	<ydata>
		<x>-4.7300</x>
	<xdata>
	<ydata>
		<x>-4.7200</x>
	<xdata>
	<ydata>
		<x>-4.7100</x>
	<xdata>
	<ydata>
		<x>-4.7000</x>
	<xdata>
	<ydata>
		<x>-4.6900</x>
	<xdata>
	<ydata>
		<x>-4.6800</x>
	<xdata>
	<ydata>
		<x>-4.6700</x>
	<xdata>
	<ydata>
		<x>-4.6600</x>
	<xdata>
	<ydata>
		<x>-4.6500</x>
	<xdata>
	<ydata>
		<x>-4.6400</x>
	<xdata>
	<ydata>
		<x>-4.6300</x>
	<xdata>
	<ydata>
		<x>-4.6200</x>
	<xdata>
	<ydata>
		<x>-4.6100</x>
	<xdata>
	<ydata>
		<x>-4.6000</x>
	<xdata>
	<ydata>
		<x>-4.5900</x>
	<xdata>
	<ydata>
		<x>-4.5800</x>
	<xdata>
	<ydata>
		<x>-4.5700</x>
	<xdata>
	<ydata>
		<x>-4.5600</x>
	<xdata>
	<ydata>
		<x>-4.5500</x>
	<xdata>
	<ydata>
		<x>-4.5400</x>
	<xdata>
	<ydata>
		<x>-4.5300</x>
	<xdata>
	<ydata>
		<x>-4.5200</x>
	<xdata>
	<ydata>
		<x>-4.5100</x>
	<xdata>
	<ydata>
		<x>-4.5000</x>
	<xdata>
	<ydata>
		<x>-4.4900</x>
	<xdata>
	<ydata>
		<x>-4.4800</x>
	<xdata>
	<ydata>
		<x>-4.4700</x>
	<xdata>
	<ydata>
		<x>-4.4600</x>
	<xdata>
	<ydata>
		<x>-4.4500</x>
	<xdata>
	<ydata>
		<x>-4.4400</x>
	<xdata>
	<ydata>
		<x>-4.4300</x>
	<xdata>
	<ydata>
		<x>-4.4200</x>
	<xdata>
	<ydata>
		<x>-4.4100</x>
	<xdata>
	<ydata>
		<x>-4.4000</x>
	<xdata>
	<ydata>
		<x>-4.3900</x>
	<xdata>
	<ydata>
		<x>-4.3800</x>
	<xdata>
	<ydata>
		<x>-4.3700</x>
	<xdata>
	<ydata>
		<x>-4.3600</x>
	<xdata>
	<ydata>
		<x>-4.3500</x>
	<xdata>
	<ydata>
		<x>-4.3400</x>
	<xdata>
	<ydata>
		<x>-4.3300</x>
	<xdata>
	<ydata>
		<x>-4.3200</x>
	<xdata>
	<ydata>
		<x>-4.3100</x>
	<xdata>
	<ydata>
		<x>-4.3000</x>
	<xdata>
	<ydata>
		<x>-4.2900</x>
	<xdata>
	<ydata>
		<x>-4.2800</x>
	<xdata>
	<ydata>
		<x>-4.2700</x>
	<xdata>
	<ydata>
		<x>-4.2600</x>
	<xdata>
	<ydata>
		<x>-4.2500</x>
	<xdata>
	<ydata>
		<x>-4.2400</x>
	<xdata>
	<ydata>
		<x>-4.2300</x>
	<xdata>
	<ydata>
		<x>-4.2200</x>
	<xdata>
	<ydata>
		<x>-4.2100</x>
	<xdata>
	<ydata>
		<x>-4.2000</x>
	<xdata>
	<ydata>
		<x>-4.1900</x>
	<xdata>
	<ydata>
		<x>-4.1800</x>
	<xdata>
	<ydata>
		<x>-4.1700</x>
	<xdata>
	<ydata>
		<x>-4.1600</x>
	<xdata>
	<ydata>
		<x>-4.1500</x>
	<xdata>
	<ydata>
		<x>-4.1400</x>
	<xdata>
	<ydata>
		<x>-4.1300</x>
	<xdata>
	<ydata>
		<x>-4.1200</x>
	<xdata>
	<ydata>
		<x>-4.1100</x>
	<xdata>
	<ydata>
		<x>-4.1000</x>
	<xdata>
	<ydata>
		<x>-4.0900</x>
	<xdata>
	<ydata>
		<x>-4.0800</x>
	<xdata>
	<ydata>
		<x>-4.0700</x>
	<xdata>
	<ydata>
		<x>-4.0600</x>
	<xdata>
	<ydata>
		<x>-4.0500</x>
	<xdata>
	<ydata>
		<x>-4.0400</x>
	<xdata>
	<ydata>
		<x>-4.0300</x>
	<xdata>
	<ydata>
		<x>-4.0200</x>
	<xdata>
	<ydata>
		<x>-4.0100</x>
	<xdata>
	<ydata>
		<x>-4.0000</x>
	<xdata>
	<ydata>
		<x>-3.9900</x>
	<xdata>
	<ydata>
		<x>-3.9800</x>
	<xdata>
	<ydata>
		<x>-3.9700</x>
	<xdata>
	<ydata>
		<x>-3.9600</x>
	<xdata>
	<ydata>
		<x>-3.9500</x>
	<xdata>
	<ydata>
		<x>-3.9400</x>
	<xdata>
	<ydata>
		<x>-3.9300</x>
	<xdata>
	<ydata>
		<x>-3.9200</x>
	<xdata>
	<ydata>
		<x>-3.9100</x>
	<xdata>
	<ydata>
		<x>-3.9000</x>
	<xdata>
	<ydata>
		<x>-3.8900</x>
	<xdata>
	<ydata>
		<x>-3.8800</x>
	<xdata>
	<ydata>
		<x>-3.8700</x>
	<xdata>
	<ydata>
		<x>-3.8600</x>
	<xdata>
	<ydata>
		<x>-3.8500</x>
	<xdata>
	<ydata>
		<x>-3.8400</x>
	<xdata>
	<ydata>
		<x>-3.8300</x>
	<xdata>
	<ydata>
		<x>-3.8200</x>
	<xdata>
	<ydata>
		<x>-3.8100</x>
	<xdata>
	<ydata>
		<x>-3.8000</x>
	<xdata>
	<ydata>
		<x>-3.7900</x>
	<xdata>
	<ydata>
		<x>-3.7800</x>
	<xdata>
	<ydata>
		<x>-3.7700</x>
	<xdata>
	<ydata>
		<x>-3.7600</x>
	<xdata>
	<ydata>
		<x>-3.7500</x>
	<xdata>
	<ydata>
		<x>-3.7400</x>
	<xdata>
	<ydata>
		<x>-3.7300</x>
	<xdata>
	<ydata>
		<x>-3.7200</x>
	<xdata>
	<ydata>
		<x>-3.7100</x>
	<xdata>
	<ydata>
		<x>-3.7000</x>
	<xdata>
	<ydata>
		<x>-3.6900</x>
	<xdata>
	<ydata>
		<x>-3.6800</x>
	<xdata>
	<ydata>
		<x>-3.6700</x>
	<xdata>
	<ydata>
		<x>-3.6600</x>
	<xdata>
	<ydata>
		<x>-3.6500</x>
	<xdata>
	<ydata>
		<x>-3.6400</x>
	<xdata>
	<ydata>
		<x>-3.6300</x>
	<xdata>
	<ydata>
		<x>-3.6200</x>
	<xdata>
	<ydata>
		<x>-3.6100</x>
	<xdata>
	<ydata>
		<x>-3.6000</x>
	<xdata>
	<ydata>
		<x>-3.5900</x>
	<xdata>
	<ydata>
		<x>-3.5800</x>
	<xdata>
	<ydata>
		<x>-3.5700</x>
	<xdata>
	<ydata>
		<x>-3.5600</x>
	<xdata>
	<ydata>
		<x>-3.5500</x>
	<xdata>
	<ydata>
		<x>-3.5400</x>
	<xdata>
	<ydata>
		<x>-3.5300</x>
	<xdata>
	<ydata>
		<x>-3.5200</x>
	<xdata>
	<ydata>
		<x>-3.5100</x>
	<xdata>
	<ydata>
		<x>-3.5000</x>
	<xdata>
	<ydata>
		<x>-3.4900</x>
	<xdata>
	<ydata>
		<x>-3.4800</x>
	<xdata>
	<ydata>
		<x>-3.4700</x>
	<xdata>
	<ydata>
		<x>-3.4600</x>
	<xdata>
	<ydata>
		<x>-3.4500</x>
	<xdata>
	<ydata>
		<x>-3.4400</x>
	<xdata>
	<ydata>
		<x>-3.4300</x>
	<xdata>
	<ydata>
		<x>-3.4200</x>
	<xdata>
	<ydata>
		<x>-3.4100</x>
	<xdata>
	<ydata>
		<x>-3.4000</x>
	<xdata>
	<ydata>
		<x>-3.3900</x>
	<xdata>
	<ydata>
		<x>-3.3800</x>
	<xdata>
	<ydata>
		<x>-3.3700</x>
	<xdata>
	<ydata>
		<x>-3.3600</x>
	<xdata>
	<ydata>
		<x>-3.3500</x>
	<xdata>
	<ydata>
		<x>-3.3400</x>
	<xdata>
	<ydata>
		<x>-3.3300</x>
	<xdata>
	<ydata>
		<x>-3.3200</x>
	<xdata>
	<ydata>
		<x>-3.3100</x>
	<xdata>
	<ydata>
		<x>-3.3000</x>
	<xdata>
	<ydata>
		<x>-3.2900</x>
	<xdata>
	<ydata>
		<x>-3.2800</x>
	<xdata>
	<ydata>
		<x>-3.2700</x>
	<xdata>
	<ydata>
		<x>-3.2600</x>
	<xdata>
	<ydata>
		<x>-3.2500</x>
	<xdata>
	<ydata>
		<x>-3.2400</x>
	<xdata>
	<ydata>
		<x>-3.2300</x>
	<xdata>
	<ydata>
		<x>-3.2200</x>
	<xdata>
	<ydata>
		<x>-3.2100</x>
	<xdata>
	<ydata>
		<x>-3.2000</x>
	<xdata>
	<ydata>
		<x>-3.1900</x>
	<xdata>
	<ydata>
		<x>-3.1800</x>
	<xdata>
	<ydata>
		<x>-3.1700</x>
	<xdata>
	<ydata>
		<x>-3.1600</x>
	<xdata>
	<ydata>
		<x>-3.1500</x>
	<xdata>
	<ydata>
		<x>-3.1400</x>
	<xdata>
	<ydata>
		<x>-3.1300</x>
	<xdata>
	<ydata>
		<x>-3.1200</x>
	<xdata>
	<ydata>
		<x>-3.1100</x>
	<xdata>
	<ydata>
		<x>-3.1000</x>
	<xdata>
	<ydata>
		<x>-3.0900</x>
	<xdata>
	<ydata>
		<x>-3.0800</x>
	<xdata>
	<ydata>
		<x>-3.0700</x>
	<xdata>
	<ydata>
		<x>-3.0600</x>
	<xdata>
	<ydata>
		<x>-3.0500</x>
	<xdata>
	<ydata>
		<x>-3.0400</x>
	<xdata>
	<ydata>
		<x>-3.0300</x>
	<xdata>
	<ydata>
		<x>-3.0200</x>
	<xdata>
	<ydata>
		<x>-3.0100</x>
	<xdata>
	<ydata>
		<x>-3.0000</x>
	<xdata>
	<ydata>
		<x>-2.9900</x>
	<xdata>
	<ydata>
		<x>-2.9800</x>
	<xdata>
	<ydata>
		<x>-2.9700</x>
	<xdata>
	<ydata>
		<x>-2.9600</x>
	<xdata>
	<ydata>
		<x>-2.9500</x>
	<xdata>
	<ydata>
		<x>-2.9400</x>
	<xdata>
	<ydata>
		<x>-2.9300</x>
	<xdata>
	<ydata>
		<x>-2.9200</x>
	<xdata>
	<ydata>
		<x>-2.9100</x>
	<xdata>
	<ydata>
		<x>-2.9000</x>
	<xdata>
	<ydata>
		<x>-2.8900</x>
	<xdata>
	<ydata>
		<x>-2.8800</x>
	<xdata>
	<ydata>
		<x>-2.8700</x>
	<xdata>
	<ydata>
		<x>-2.8600</x>
	<xdata>
	<ydata>
		<x>-2.8500</x>
	<xdata>
	<ydata>
		<x>-2.8400</x>
	<xdata>
	<ydata>
		<x>-2.8300</x>
	<xdata>
	<ydata>
		<x>-2.8200</x>
	<xdata>
	<ydata>
		<x>-2.8100</x>
	<xdata>
	<ydata>
		<x>-2.8000</x>
	<xdata>
	<ydata>
		<x>-2.7900</x>
	<xdata>
	<ydata>
		<x>-2.7800</x>
	<xdata>
	<ydata>
		<x>-2.7700</x>
	<xdata>
	<ydata>
		<x>-2.7600</x>
	<xdata>
	<ydata>
		<x>-2.7500</x>
	<xdata>
	<ydata>
		<x>-2.7400</x>
	<xdata>
	<ydata>
		<x>-2.7300</x>
	<xdata>
	<ydata>
		<x>-2.7200</x>
	<xdata>
	<ydata>
		<x>-2.7100</x>
	<xdata>
	<ydata>
		<x>-2.7000</x>
	<xdata>
	<ydata>
		<x>-2.6900</x>
	<xdata>
	<ydata>
		<x>-2.6800</x>
	<xdata>
	<ydata>
		<x>-2.6700</x>
	<xdata>
	<ydata>
		<x>-2.6600</x>
	<xdata>
	<ydata>
		<x>-2.6500</x>
	<xdata>
	<ydata>
		<x>-2.6400</x>
	<xdata>
	<ydata>
		<x>-2.6300</x>
	<xdata>
	<ydata>
		<x>-2.6200</x>
	<xdata>
	<ydata>
		<x>-2.6100</x>
	<xdata>
	<ydata>
		<x>-2.6000</x>
	<xdata>
	<ydata>
		<x>-2.5900</x>
	<xdata>
	<ydata>
		<x>-2.5800</x>
	<xdata>
	<ydata>
		<x>-2.5700</x>
	<xdata>
	<ydata>
		<x>-2.5600</x>
	<xdata>
	<ydata>
		<x>-2.5500</x>
	<xdata>
	<ydata>
		<x>-2.5400</x>
	<xdata>
	<ydata>
		<x>-2.5300</x>
	<xdata>
	<ydata>
		<x>-2.5200</x>
	<xdata>
	<ydata>
		<x>-2.5100</x>
	<xdata>
	<ydata>
		<x>-2.5000</x>
	<xdata>
	<ydata>
		<x>-2.4900</x>
	<xdata>
	<ydata>
		<x>-2.4800</x>
	<xdata>
	<ydata>
		<x>-2.4700</x>
	<xdata>
	<ydata>
		<x>-2.4600</x>
	<xdata>
	<ydata>
		<x>-2.4500</x>
	<xdata>
	<ydata>
		<x>-2.4400</x>
	<xdata>
	<ydata>
		<x>-2.4300</x>
	<xdata>
	<ydata>
		<x>-2.4200</x>
	<xdata>
	<ydata>
		<x>-2.4100</x>
	<xdata>
	<ydata>
		<x>-2.4000</x>
	<xdata>
	<ydata>
		<x>-2.3900</x>
	<xdata>
	<ydata>
		<x>-2.3800</x>
	<xdata>
	<ydata>
		<x>-2.3700</x>
	<xdata>
	<ydata>
		<x>-2.3600</x>
	<xdata>
	<ydata>
		<x>-2.3500</x>
	<xdata>
	<ydata>
		<x>-2.3400</x>
	<xdata>
	<ydata>
		<x>-2.3300</x>
	<xdata>
	<ydata>
		<x>-2.3200</x>
	<xdata>
	<ydata>
		<x>-2.3100</x>
	<xdata>
	<ydata>
		<x>-2.3000</x>
	<xdata>
	<ydata>
		<x>-2.2900</x>
	<xdata>
	<ydata>
		<x>-2.2800</x>
	<xdata>
	<ydata>
		<x>-2.2700</x>
	<xdata>
	<ydata>
		<x>-2.2600</x>
	<xdata>
	<ydata>
		<x>-2.2500</x>
	<xdata>
	<ydata>
		<x>-2.2400</x>
	<xdata>
	<ydata>
		<x>-2.2300</x>
	<xdata>
	<ydata>
		<x>-2.2200</x>
	<xdata>
	<ydata>
		<x>-2.2100</x>
	<xdata>
	<ydata>
		<x>-2.2000</x>
	<xdata>
	<ydata>
		<x>-2.1900</x>
	<xdata>
	<ydata>
		<x>-2.1800</x>
	<xdata>
	<ydata>
		<x>-2.1700</x>
	<xdata>
	<ydata>
		<x>-2.1600</x>
	<xdata>
	<ydata>
		<x>-2.1500</x>
	<xdata>
	<ydata>
		<x>-2.1400</x>
	<xdata>
	<ydata>
		<x>-2.1300</x>
	<xdata>
	<ydata>
		<x>-2.1200</x>
	<xdata>
	<ydata>
		<x>-2.1100</x>
	<xdata>
	<ydata>
		<x>-2.1000</x>
	<xdata>
	<ydata>
		<x>-2.0900</x>
	<xdata>
	<ydata>
		<x>-2.0800</x>
	<xdata>
	<ydata>
		<x>-2.0700</x>
	<xdata>
	<ydata>
		<x>-2.0600</x>
	<xdata>
	<ydata>
		<x>-2.0500</x>
	<xdata>
	<ydata>
		<x>-2.0400</x>
	<xdata>
	<ydata>
		<x>-2.0300</x>
	<xdata>
	<ydata>
		<x>-2.0200</x>
	<xdata>
	<ydata>
		<x>-2.0100</x>
	<xdata>
	<ydata>
		<x>-2.0000</x>
	<xdata>
	<ydata>
		<x>-1.9900</x>
	<xdata>
	<ydata>
		<x>-1.9800</x>
	<xdata>
	<ydata>
		<x>-1.9700</x>
	<xdata>
	<ydata>
		<x>-1.9600</x>
	<xdata>
	<ydata>
		<x>-1.9500</x>
	<xdata>
	<ydata>
		<x>-1.9400</x>
	<xdata>
	<ydata>
		<x>-1.9300</x>
	<xdata>
	<ydata>
		<x>-1.9200</x>
	<xdata>
	<ydata>
		<x>-1.9100</x>
	<xdata>
	<ydata>
		<x>-1.9000</x>
	<xdata>
	<ydata>
		<x>-1.8900</x>
	<xdata>
	<ydata>
		<x>-1.8800</x>
	<xdata>
	<ydata>
		<x>-1.8700</x>
	<xdata>
	<ydata>
		<x>-1.8600</x>
	<xdata>
	<ydata>
		<x>-1.8500</x>
	<xdata>
	<ydata>
		<x>-1.8400</x>
	<xdata>
	<ydata>
		<x>-1.8300</x>
	<xdata>
	<ydata>
		<x>-1.8200</x>
	<xdata>
	<ydata>
		<x>-1.8100</x>
	<xdata>
	<ydata>
		<x>-1.8000</x>
	<xdata>
	<ydata>
		<x>-1.7900</x>
	<xdata>
	<ydata>
		<x>-1.7800</x>
	<xdata>
	<ydata>
		<x>-1.7700</x>
	<xdata>
	<ydata>
		<x>-1.7600</x>
	<xdata>
	<ydata>
		<x>-1.7500</x>
	<xdata>
	<ydata>
		<x>-1.7400</x>
	<xdata>
	<ydata>
		<x>-1.7300</x>
	<xdata>
	<ydata>
		<x>-1.7200</x>
	<xdata>
	<ydata>
		<x>-1.7100</x>
	<xdata>
	<ydata>
		<x>-1.7000</x>
	<xdata>
	<ydata>
		<x>-1.6900</x>
	<xdata>
	<ydata>
		<x>-1.6800</x>
	<xdata>
	<ydata>
		<x>-1.6700</x>
	<xdata>
	<ydata>
		<x>-1.6600</x>
	<xdata>
	<ydata>
		<x>-1.6500</x>
	<xdata>
	<ydata>
		<x>-1.6400</x>
	<xdata>
	<ydata>
		<x>-1.6300</x>
	<xdata>
	<ydata>
		<x>-1.6200</x>
	<xdata>
	<ydata>
		<x>-1.6100</x>
	<xdata>
	<ydata>
		<x>-1.6000</x>
	<xdata>
	<ydata>
		<x>-1.5900</x>
	<xdata>
	<ydata>
		<x>-1.5800</x>
	<xdata>
	<ydata>
		<x>-1.5700</x>
	<xdata>
	<ydata>
		<x>-1.5600</x>
	<xdata>
	<ydata>
		<x>-1.5500</x>
	<xdata>
	<ydata>
		<x>-1.5400</x>
	<xdata>
	<ydata>
		<x>-1.5300</x>
	<xdata>
	<ydata>
		<x>-1.5200</x>
	<xdata>
	<ydata>
		<x>-1.5100</x>
	<xdata>
	<ydata>
		<x>-1.5000</x>
	<xdata>
	<ydata>
		<x>-1.4900</x>
	<xdata>
	<ydata>
		<x>-1.4800</x>
	<xdata>
	<ydata>
		<x>-1.4700</x>
	<xdata>
	<ydata>
		<x>-1.4600</x>
	<xdata>
	<ydata>
		<x>-1.4500</x>
	<xdata>
	<ydata>
		<x>-1.4400</x>
	<xdata>
	<ydata>
		<x>-1.4300</x>
	<xdata>
	<ydata>
		<x>-1.4200</x>
	<xdata>
	<ydata>
		<x>-1.4100</x>
	<xdata>
	<ydata>
		<x>-1.4000</x>
	<xdata>
	<ydata>
		<x>-1.3900</x>
	<xdata>
	<ydata>
		<x>-1.3800</x>
	<xdata>
	<ydata>
		<x>-1.3700</x>
	<xdata>
	<ydata>
		<x>-1.3600</x>
	<xdata>
	<ydata>
		<x>-1.3500</x>
	<xdata>
	<ydata>
		<x>-1.3400</x>
	<xdata>
	<ydata>
		<x>-1.3300</x>
	<xdata>
	<ydata>
		<x>-1.3200</x>
	<xdata>
	<ydata>
		<x>-1.3100</x>
	<xdata>
	<ydata>
		<x>-1.3000</x>
	<xdata>
	<ydata>
		<x>-1.2900</x>
	<xdata>
	<ydata>
		<x>-1.2800</x>
	<xdata>
	<ydata>
		<x>-1.2700</x>
	<xdata>
	<ydata>
		<x>-1.2600</x>
	<xdata>
	<ydata>
		<x>-1.2500</x>
	<xdata>
	<ydata>
		<x>-1.2400</x>
	<xdata>
	<ydata>
		<x>-1.2300</x>
	<xdata>
	<ydata>
		<x>-1.2200</x>
	<xdata>
	<ydata>
		<x>-1.2100</x>
	<xdata>
	<ydata>
		<x>-1.2000</x>
	<xdata>
	<ydata>
		<x>-1.1900</x>
	<xdata>
	<ydata>
		<x>-1.1800</x>
	<xdata>
	<ydata>
		<x>-1.1700</x>
	<xdata>
	<ydata>
		<x>-1.1600</x>
	<xdata>
	<ydata>
		<x>-1.1500</x>
	<xdata>
	<ydata>
		<x>-1.1400</x>
	<xdata>
	<ydata>
		<x>-1.1300</x>
	<xdata>
	<ydata>
		<x>-1.1200</x>
	<xdata>
	<ydata>
		<x>-1.1100</x>
	<xdata>
	<ydata>
		<x>-1.1000</x>
	<xdata>
	<ydata>
		<x>-1.0900</x>
	<xdata>
	<ydata>
		<x>-1.0800</x>
	<xdata>
	<ydata>
		<x>-1.0700</x>
	<xdata>
	<ydata>
		<x>-1.0600</x>
	<xdata>
	<ydata>
		<x>-1.0500</x>
	<xdata>
	<ydata>
		<x>-1.0400</x>
	<xdata>
	<ydata>
		<x>-1.0300</x>
	<xdata>
	<ydata>
		<x>-1.0200</x>
	<xdata>
	<ydata>
		<x>-1.0100</x>
	<xdata>
	<ydata>
		<x>-1.0000</x>
	<xdata>
	<ydata>
		<x>-0.9900</x>
	<xdata>
	<ydata>
		<x>-0.9800</x>
	<xdata>
	<ydata>
		<x>-0.9700</x>
	<xdata>
	<ydata>
		<x>-0.9600</x>
	<xdata>
	<ydata>
		<x>-0.9500</x>
	<xdata>
	<ydata>
		<x>-0.9400</x>
	<xdata>
	<ydata>
		<x>-0.9300</x>
	<xdata>
	<ydata>
		<x>-0.9200</x>
	<xdata>
	<ydata>
		<x>-0.9100</x>
	<xdata>
	<ydata>
		<x>-0.9000</x>
	<xdata>
	<ydata>
		<x>-0.8900</x>
	<xdata>
	<ydata>
		<x>-0.8800</x>
	<xdata>
	<ydata>
		<x>-0.8700</x>
	<xdata>
	<ydata>
		<x>-0.8600</x>
	<xdata>
	<ydata>
		<x>-0.8500</x>
	<xdata>
	<ydata>
		<x>-0.8400</x>
	<xdata>
	<ydata>
		<x>-0.8300</x>
	<xdata>
	<ydata>
		<x>-0.8200</x>
	<xdata>
	<ydata>
		<x>-0.8100</x>
	<xdata>
	<ydata>
		<x>-0.8000</x>
	<xdata>
	<ydata>
		<x>-0.7900</x>
	<xdata>
	<ydata>
		<x>-0.7800</x>
	<xdata>
	<ydata>
		<x>-0.7700</x>
	<xdata>
	<ydata>
		<x>-0.7600</x>
	<xdata>
	<ydata>
		<x>-0.7500</x>
	<xdata>
	<ydata>
		<x>-0.7400</x>
	<xdata>
	<ydata>
		<x>-0.7300</x>
	<xdata>
	<ydata>
		<x>-0.7200</x>
	<xdata>
	<ydata>
		<x>-0.7100</x>
	<xdata>
	<ydata>
		<x>-0.7000</x>
	<xdata>
	<ydata>
		<x>-0.6900</x>
	<xdata>
	<ydata>
		<x>-0.6800</x>
	<xdata>
	<ydata>
		<x>-0.6700</x>
	<xdata>
	<ydata>
		<x>-0.6600</x>
	<xdata>
	<ydata>
		<x>-0.6500</x>
	<xdata>
	<ydata>
		<x>-0.6400</x>
	<xdata>
	<ydata>
		<x>-0.6300</x>
	<xdata>
	<ydata>
		<x>-0.6200</x>
	<xdata>
	<ydata>
		<x>-0.6100</x>
	<xdata>
	<ydata>
		<x>-0.6000</x>
	<xdata>
	<ydata>
		<x>-0.5900</x>
	<xdata>
	<ydata>
		<x>-0.5800</x>
	<xdata>
	<ydata>
		<x>-0.5700</x>
	<xdata>
	<ydata>
		<x>-0.5600</x>
	<xdata>
	<ydata>
		<x>-0.5500</x>
	<xdata>
	<ydata>
		<x>-0.5400</x>
	<xdata>
	<ydata>
		<x>-0.5300</x>
	<xdata>
	<ydata>
		<x>-0.5200</x>
	<xdata>
	<ydata>
		<x>-0.5100</x>
	<xdata>
	<ydata>
		<x>-0.5000</x>
	<xdata>
	<ydata>
		<x>-0.4900</x>
	<xdata>
	<ydata>
		<x>-0.4800</x>
	<xdata>
	<ydata>
		<x>-0.4700</x>
	<xdata>
	<ydata>
		<x>-0.4600</x>
	<xdata>
	<ydata>
		<x>-0.4500</x>
	<xdata>
	<ydata>
		<x>-0.4400</x>
	<xdata>
	<ydata>
		<x>-0.4300</x>
	<xdata>
	<ydata>
		<x>-0.4200</x>
	<xdata>
	<ydata>
		<x>-0.4100</x>
	<xdata>
	<ydata>
		<x>-0.4000</x>
	<xdata>
	<ydata>
		<x>-0.3900</x>
	<xdata>
	<ydata>
		<x>-0.3800</x>
	<xdata>
	<ydata>
		<x>-0.3700</x>
	<xdata>
	<ydata>
		<x>-0.3600</x>
	<xdata>
	<ydata>
		<x>-0.3500</x>
	<xdata>
	<ydata>
		<x>-0.3400</x>
	<xdata>
	<ydata>
		<x>-0.3300</x>
	<xdata>
	<ydata>
		<x>-0.3200</x>
	<xdata>
	<ydata>
		<x>-0.3100</x>
	<xdata>
	<ydata>
		<x>-0.3000</x>
	<xdata>
	<ydata>
		<x>-0.2900</x>
	<xdata>
	<ydata>
		<x>-0.2800</x>
	<xdata>
	<ydata>
		<x>-0.2700</x>
	<xdata>
	<ydata>
		<x>-0.2600</x>
	<xdata>
	<ydata>
		<x>-0.2500</x>
	<xdata>
	<ydata>
		<x>-0.2400</x>
	<xdata>
	<ydata>
		<x>-0.2300</x>
	<xdata>
	<ydata>
		<x>-0.2200</x>
	<xdata>
	<ydata>
		<x>-0.2100</x>
	<xdata>
	<ydata>
		<x>-0.2000</x>
	<xdata>
	<ydata>
		<x>-0.1900</x>
	<xdata>
	<ydata>
		<x>-0.1800</x>
	<xdata>
	<ydata>
		<x>-0.1700</x>
	<xdata>
	<ydata>
		<x>-0.1600</x>
	<xdata>
	<ydata>
		<x>-0.1500</x>
	<xdata>
	<ydata>
		<x>-0.1400</x>
	<xdata>
	<ydata>
		<x>-0.1300</x>
	<xdata>
	<ydata>
		<x>-0.1200</x>
	<xdata>
	<ydata>
		<x>-0.1100</x>
	<xdata>
	<ydata>
		<x>-0.1000</x>
	<xdata>
	<ydata>
		<x>-0.0900</x>
	<xdata>
	<ydata>
		<x>-0.0800</x>
	<xdata>
	<ydata>
		<x>-0.0700</x>
	<xdata>
	<ydata>
		<x>-0.0600</x>
	<xdata>
	<ydata>
		<x>-0.0500</x>
	<xdata>
	<ydata>
		<x>-0.0400</x>
	<xdata>
	<ydata>
		<x>-0.0300</x>
	<xdata>
	<ydata>
		<x>-0.0200</x>
	<xdata>
	<ydata>
		<x>-0.0100</x>
	<xdata>
	<ydata>
		<x>-0.0000</x>
	<xdata>
	<ydata>
		<x>0.0100</x>
	<xdata>
	<ydata>
		<x>0.0200</x>
	<xdata>
	<ydata>
		<x>0.0300</x>
	<xdata>
	<ydata>
		<x>0.0400</x>
	<xdata>
	<ydata>
		<x>0.0500</x>
	<xdata>
	<ydata>
		<x>0.0600</x>
	<xdata>
	<ydata>
		<x>0.0700</x>
	<xdata>
	<ydata>
		<x>0.0800</x>
	<xdata>
	<ydata>
		<x>0.0900</x>
	<xdata>
	<ydata>
		<x>0.1000</x>
	<xdata>
	<ydata>
		<x>0.1100</x>
	<xdata>
	<ydata>
		<x>0.1200</x>
	<xdata>
	<ydata>
		<x>0.1300</x>
	<xdata>
	<ydata>
		<x>0.1400</x>
	<xdata>
	<ydata>
		<x>0.1500</x>
	<xdata>
	<ydata>
		<x>0.1600</x>
	<xdata>
	<ydata>
		<x>0.1700</x>
	<xdata>
	<ydata>
		<x>0.1800</x>
	<xdata>
	<ydata>
		<x>0.1900</x>
	<xdata>
	<ydata>
		<x>0.2000</x>
	<xdata>
	<ydata>
		<x>0.2100</x>
	<xdata>
	<ydata>
		<x>0.2200</x>
	<xdata>
	<ydata>
		<x>0.2300</x>
	<xdata>
	<ydata>
		<x>0.2400</x>
	<xdata>
	<ydata>
		<x>0.2500</x>
	<xdata>
	<ydata>
		<x>0.2600</x>
	<xdata>
	<ydata>
		<x>0.2700</x>
	<xdata>
	<ydata>
		<x>0.2800</x>
	<xdata>
	<ydata>
		<x>0.2900</x>
	<xdata>
	<ydata>
		<x>0.3000</x>
	<xdata>
	<ydata>
		<x>0.3100</x>
	<xdata>
	<ydata>
		<x>0.3200</x>
	<xdata>
	<ydata>
		<x>0.3300</x>
	<xdata>
	<ydata>
		<x>0.3400</x>
	<xdata>
	<ydata>
		<x>0.3500</x>
	<xdata>
	<ydata>
		<x>0.3600</x>
	<xdata>
	<ydata>
		<x>0.3700</x>
	<xdata>
	<ydata>
		<x>0.3800</x>
	<xdata>
	<ydata>
		<x>0.3900</x>
	<xdata>
	<ydata>
		<x>0.4000</x>
	<xdata>
	<ydata>
		<x>0.4100</x>
	<xdata>
	<ydata>
		<x>0.4200</x>
	<xdata>
	<ydata>
		<x>0.4300</x>
	<xdata>
	<ydata>
		<x>0.4400</x>
	<xdata>
	<ydata>
		<x>0.4500</x>
	<xdata>
	<ydata>
		<x>0.4600</x>
	<xdata>
	<ydata>
		<x>0.4700</x>
	<xdata>
	<ydata>
		<x>0.4800</x>
	<xdata>
	<ydata>
		<x>0.4900</x>
	<xdata>
	<ydata>
		<x>0.5000</x>
	<xdata>
	<ydata>
		<x>0.5100</x>
	<xdata>
	<ydata>
		<x>0.5200</x>
	<xdata>
	<ydata>
		<x>0.5300</x>
	<xdata>
	<ydata>
		<x>0.5400</x>
	<xdata>
	<ydata>
		<x>0.5500</x>
	<xdata>
	<ydata>
		<x>0.5600</x>
	<xdata>
	<ydata>
		<x>0.5700</x>
	<xdata>
	<ydata>
		<x>0.5800</x>
	<xdata>
	<ydata>
		<x>0.5900</x>
	<xdata>
	<ydata>
		<x>0.6000</x>
	<xdata>
	<ydata>
		<x>0.6100</x>
	<xdata>
	<ydata>
		<x>0.6200</x>
	<xdata>
	<ydata>
		<x>0.6300</x>
	<xdata>
	<ydata>
		<x>0.6400</x>
	<xdata>
	<ydata>
		<x>0.6500</x>
	<xdata>
	<ydata>
		<x>0.6600</x>
	<xdata>
	<ydata>
		<x>0.6700</x>
	<xdata>
	<ydata>
		<x>0.6800</x>
	<xdata>
	<ydata>
		<x>0.6900</x>
	<xdata>
	<ydata>
		<x>0.7000</x>
	<xdata>
	<ydata>
		<x>0.7100</x>
	<xdata>
	<ydata>
		<x>0.7200</x>
	<xdata>
	<ydata>
		<x>0.7300</x>
	<xdata>
	<ydata>
		<x>0.7400</x>
	<xdata>
	<ydata>
		<x>0.7500</x>
	<xdata>
	<ydata>
		<x>0.7600</x>
	<xdata>
	<ydata>
		<x>0.7700</x>
	<xdata>
	<ydata>
		<x>0.7800</x>
	<xdata>
	<ydata>
		<x>0.7900</x>
	<xdata>
	<ydata>
		<x>0.8000</x>
	<xdata>
	<ydata>
		<x>0.8100</x>
	<xdata>
	<ydata>
		<x>0.8200</x>
	<xdata>
	<ydata>
		<x>0.8300</x>
	<xdata>
	<ydata>
		<x>0.8400</x>
	<xdata>
	<ydata>
		<x>0.8500</x>
	<xdata>
	<ydata>
		<x>0.8600</x>
	<xdata>
	<ydata>
		<x>0.8700</x>
	<xdata>
	<ydata>
		<x>0.8800</x>
	<xdata>
	<ydata>
		<x>0.8900</x>
	<xdata>
	<ydata>
		<x>0.9000</x>
	<xdata>
	<ydata>
		<x>0.9100</x>
	<xdata>
	<ydata>
		<x>0.9200</x>
	<xdata>
	<ydata>
		<x>0.9300</x>
	<xdata>
	<ydata>
		<x>0.9400</x>
	<xdata>
	<ydata>
		<x>0.9500</x>
	<xdata>
	<ydata>
		<x>0.9600</x>
	<xdata>
	<ydata>
		<x>0.9700</x>
	<xdata>
	<ydata>
		<x>0.9800</x>
	<xdata>
	<ydata>
		<x>0.9900</x>
	<xdata>
	<ydata>
		<x>1.0000</x>
	<xdata>
	<ydata>
		<x>1.0100</x>
	<xdata>
	<ydata>
		<x>1.0200</x>
	<xdata>
	<ydata>
		<x>1.0300</x>
	<xdata>
	<ydata>
		<x>1.0400</x>
	<xdata>
	<ydata>
		<x>1.0500</x>
	<xdata>
	<ydata>
		<x>1.0600</x>
	<xdata>
	<ydata>
		<x>1.0700</x>
	<xdata>
	<ydata>
		<x>1.0800</x>
	<xdata>
	<ydata>
		<x>1.0900</x>
	<xdata>
	<ydata>
		<x>1.1000</x>
	<xdata>
	<ydata>
		<x>1.1100</x>
	<xdata>
	<ydata>
		<x>1.1200</x>
	<xdata>
	<ydata>
		<x>1.1300</x>
	<xdata>
	<ydata>
		<x>1.1400</x>
	<xdata>
	<ydata>
		<x>1.1500</x>
	<xdata>
	<ydata>
		<x>1.1600</x>
	<xdata>
	<ydata>
		<x>1.1700</x>
	<xdata>
	<ydata>
		<x>1.1800</x>
	<xdata>
	<ydata>
		<x>1.1900</x>
	<xdata>
	<ydata>
		<x>1.2000</x>
	<xdata>
	<ydata>
		<x>1.2100</x>
	<xdata>
	<ydata>
		<x>1.2200</x>
	<xdata>
	<ydata>
		<x>1.2300</x>
	<xdata>
	<ydata>
		<x>1.2400</x>
	<xdata>
	<ydata>
		<x>1.2500</x>
	<xdata>
	<ydata>
		<x>1.2600</x>
	<xdata>
	<ydata>
		<x>1.2700</x>
	<xdata>
	<ydata>
		<x>1.2800</x>
	<xdata>
	<ydata>
		<x>1.2900</x>
	<xdata>
	<ydata>
		<x>1.3000</x>
	<xdata>
	<ydata>
		<x>1.3100</x>
	<xdata>
	<ydata>
		<x>1.3200</x>
	<xdata>
	<ydata>
		<x>1.3300</x>
	<xdata>
	<ydata>
		<x>1.3400</x>
	<xdata>
	<ydata>
		<x>1.3500</x>
	<xdata>
	<ydata>
		<x>1.3600</x>
	<xdata>
	<ydata>
		<x>1.3700</x>
	<xdata>
	<ydata>
		<x>1.3800</x>
	<xdata>
	<ydata>
		<x>1.3900</x>
	<xdata>
	<ydata>
		<x>1.4000</x>
	<xdata>
	<ydata>
		<x>1.4100</x>
	<xdata>
	<ydata>
		<x>1.4200</x>
	<xdata>
	<ydata>
		<x>1.4300</x>
	<xdata>
	<ydata>
		<x>1.4400</x>
	<xdata>
	<ydata>
		<x>1.4500</x>
	<xdata>
	<ydata>
		<x>1.4600</x>
	<xdata>
	<ydata>
		<x>1.4700</x>
	<xdata>
	<ydata>
		<x>1.4800</x>
	<xdata>
	<ydata>
		<x>1.4900</x>
	<xdata>
	<ydata>
		<x>1.5000</x>
	<xdata>
	<ydata>
		<x>1.5100</x>
	<xdata>
	<ydata>
		<x>1.5200</x>
	<xdata>
	<ydata>
		<x>1.5300</x>
	<xdata>
	<ydata>
		<x>1.5400</x>
	<xdata>
	<ydata>
		<x>1.5500</x>
	<xdata>
	<ydata>
		<x>1.5600</x>
	<xdata>
	<ydata>
		<x>1.5700</x>
	<xdata>
	<ydata>
		<x>1.5800</x>
	<xdata>
	<ydata>
		<x>1.5900</x>
	<xdata>
	<ydata>
		<x>1.6000</x>
	<xdata>
	<ydata>
		<x>1.6100</x>
	<xdata>
	<ydata>
		<x>1.6200</x>
	<xdata>
	<ydata>
		<x>1.6300</x>
	<xdata>
	<ydata>
		<x>1.6400</x>
	<xdata>
	<ydata>
		<x>1.6500</x>
	<xdata>
	<ydata>
		<x>1.6600</x>
	<xdata>
	<ydata>
		<x>1.6700</x>
	<xdata>
	<ydata>
		<x>1.6800</x>
	<xdata>
	<ydata>
		<x>1.6900</x>
	<xdata>
	<ydata>
		<x>1.7000</x>
	<xdata>
	<ydata>
		<x>1.7100</x>
	<xdata>
	<ydata>
		<x>1.7200</x>
	<xdata>
	<ydata>
		<x>1.7300</x>
	<xdata>
	<ydata>
		<x>1.7400</x>
	<xdata>
	<ydata>
		<x>1.7500</x>
	<xdata>
	<ydata>
		<x>1.7600</x>
	<xdata>
	<ydata>
		<x>1.7700</x>
	<xdata>
	<ydata>
		<x>1.7800</x>
	<xdata>
	<ydata>
		<x>1.7900</x>
	<xdata>
	<ydata>
		<x>1.8000</x>
	<xdata>
	<ydata>
		<x>1.8100</x>
	<xdata>
	<ydata>
		<x>1.8200</x>
	<xdata>
	<ydata>
		<x>1.8300</x>
	<xdata>
	<ydata>
		<x>1.8400</x>
	<xdata>
	<ydata>
		<x>1.8500</x>
	<xdata>
	<ydata>
		<x>1.8600</x>
	<xdata>
	<ydata>
		<x>1.8700</x>
	<xdata>
	<ydata>
		<x>1.8800</x>
	<xdata>
	<ydata>
		<x>1.8900</x>
	<xdata>
	<ydata>
		<x>1.9000</x>
	<xdata>
	<ydata>
		<x>1.9100</x>
	<xdata>
	<ydata>
		<x>1.9200</x>
	<xdata>
	<ydata>
		<x>1.9300</x>
	<xdata>
	<ydata>
		<x>1.9400</x>
	<xdata>
	<ydata>
		<x>1.9500</x>
	<xdata>
	<ydata>
		<x>1.9600</x>
	<xdata>
	<ydata>
		<x>1.9700</x>
	<xdata>
	<ydata>
		<x>1.9800</x>
	<xdata>
	<ydata>
		<x>1.9900</x>
	<xdata>
	<ydata>
		<x>2.0000</x>
	<xdata>
	<ydata>
		<x>2.0100</x>
	<xdata>
	<ydata>
		<x>2.0200</x>
	<xdata>
	<ydata>
		<x>2.0300</x>
	<xdata>
	<ydata>
		<x>2.0400</x>
	<xdata>
	<ydata>
		<x>2.0500</x>
	<xdata>
	<ydata>
		<x>2.0600</x>
	<xdata>
	<ydata>
		<x>2.0700</x>
	<xdata>
	<ydata>
		<x>2.0800</x>
	<xdata>
	<ydata>
		<x>2.0900</x>
	<xdata>
	<ydata>
		<x>2.1000</x>
	<xdata>
	<ydata>
		<x>2.1100</x>
	<xdata>
	<ydata>
		<x>2.1200</x>
	<xdata>
	<ydata>
		<x>2.1300</x>
	<xdata>
	<ydata>
		<x>2.1400</x>
	<xdata>
	<ydata>
		<x>2.1500</x>
	<xdata>
	<ydata>
		<x>2.1600</x>
	<xdata>
	<ydata>
		<x>2.1700</x>
	<xdata>
	<ydata>
		<x>2.1800</x>
	<xdata>
	<ydata>
		<x>2.1900</x>
	<xdata>
	<ydata>
		<x>2.2000</x>
	<xdata>
	<ydata>
		<x>2.2100</x>
	<xdata>
	<ydata>
		<x>2.2200</x>
	<xdata>
	<ydata>
		<x>2.2300</x>
	<xdata>
	<ydata>
		<x>2.2400</x>
	<xdata>
	<ydata>
		<x>2.2500</x>
	<xdata>
	<ydata>
		<x>2.2600</x>
	<xdata>
	<ydata>
		<x>2.2700</x>
	<xdata>
	<ydata>
		<x>2.2800</x>
	<xdata>
	<ydata>
		<x>2.2900</x>
	<xdata>
	<ydata>
		<x>2.3000</x>
	<xdata>
	<ydata>
		<x>2.3100</x>
	<xdata>
	<ydata>
		<x>2.3200</x>
	<xdata>
	<ydata>
		<x>2.3300</x>
	<xdata>
	<ydata>
		<x>2.3400</x>
	<xdata>
	<ydata>
		<x>2.3500</x>
	<xdata>
	<ydata>
		<x>2.3600</x>
	<xdata>
	<ydata>
		<x>2.3700</x>
	<xdata>
	<ydata>
		<x>2.3800</x>
	<xdata>
	<ydata>
		<x>2.3900</x>
	<xdata>
	<ydata>
		<x>2.4000</x>
	<xdata>
	<ydata>
		<x>2.4100</x>
	<xdata>
	<ydata>
		<x>2.4200</x>
	<xdata>
	<ydata>
		<x>2.4300</x>
	<xdata>
	<ydata>
		<x>2.4400</x>
	<xdata>
	<ydata>
		<x>2.4500</x>
	<xdata>
	<ydata>
		<x>2.4600</x>
	<xdata>
	<ydata>
		<x>2.4700</x>
	<xdata>
	<ydata>
		<x>2.4800</x>
	<xdata>
	<ydata>
		<x>2.4900</x>
	<xdata>
	<ydata>
		<x>2.5000</x>
	<xdata>
	<ydata>
		<x>2.5100</x>
	<xdata>
	<ydata>
		<x>2.5200</x>
	<xdata>
	<ydata>
		<x>2.5300</x>
	<xdata>
	<ydata>
		<x>2.5400</x>
	<xdata>
	<ydata>
		<x>2.5500</x>
	<xdata>
	<ydata>
		<x>2.5600</x>
	<xdata>
	<ydata>
		<x>2.5700</x>
	<xdata>
	<ydata>
		<x>2.5800</x>
	<xdata>
	<ydata>
		<x>2.5900</x>
	<xdata>
	<ydata>
		<x>2.6000</x>
	<xdata>
	<ydata>
		<x>2.6100</x>
	<xdata>
	<ydata>
		<x>2.6200</x>
	<xdata>
	<ydata>
		<x>2.6300</x>
	<xdata>
	<ydata>
		<x>2.6400</x>
	<xdata>
	<ydata>
		<x>2.6500</x>
	<xdata>
	<ydata>
		<x>2.6600</x>
	<xdata>
	<ydata>
		<x>2.6700</x>
	<xdata>
	<ydata>
		<x>2.6800</x>
	<xdata>
	<ydata>
		<x>2.6900</x>
	<xdata>
	<ydata>
		<x>2.7000</x>
	<xdata>
	<ydata>
		<x>2.7100</x>
	<xdata>
	<ydata>
		<x>2.7200</x>
	<xdata>
	<ydata>
		<x>2.7300</x>
	<xdata>
	<ydata>
		<x>2.7400</x>
	<xdata>
	<ydata>
		<x>2.7500</x>
	<xdata>
	<ydata>
		<x>2.7600</x>
	<xdata>
	<ydata>
		<x>2.7700</x>
	<xdata>
	<ydata>
		<x>2.7800</x>
	<xdata>
	<ydata>
		<x>2.7900</x>
	<xdata>
	<ydata>
		<x>2.8000</x>
	<xdata>
	<ydata>
		<x>2.8100</x>
	<xdata>
	<ydata>
		<x>2.8200</x>
	<xdata>
	<ydata>
		<x>2.8300</x>
	<xdata>
	<ydata>
		<x>2.8400</x>
	<xdata>
	<ydata>
		<x>2.8500</x>
	<xdata>
	<ydata>
		<x>2.8600</x>
	<xdata>
	<ydata>
		<x>2.8700</x>
	<xdata>
	<ydata>
		<x>2.8800</x>
	<xdata>
	<ydata>
		<x>2.8900</x>
	<xdata>
	<ydata>
		<x>2.9000</x>
	<xdata>
	<ydata>
		<x>2.9100</x>
	<xdata>
	<ydata>
		<x>2.9200</x>
	<xdata>
	<ydata>
		<x>2.9300</x>
	<xdata>
	<ydata>
		<x>2.9400</x>
	<xdata>
	<ydata>
		<x>2.9500</x>
	<xdata>
	<ydata>
		<x>2.9600</x>
	<xdata>
	<ydata>
		<x>2.9700</x>
	<xdata>
	<ydata>
		<x>2.9800</x>
	<xdata>
	<ydata>
		<x>2.9900</x>
	<xdata>
	<ydata>
		<x>3.0000</x>
	<xdata>
	<ydata>
		<x>3.0100</x>
	<xdata>
	<ydata>
		<x>3.0200</x>
	<xdata>
	<ydata>
		<x>3.0300</x>
	<xdata>
	<ydata>
		<x>3.0400</x>
	<xdata>
	<ydata>
		<x>3.0500</x>
	<xdata>
	<ydata>
		<x>3.0600</x>
	<xdata>
	<ydata>
		<x>3.0700</x>
	<xdata>
	<ydata>
		<x>3.0800</x>
	<xdata>
	<ydata>
		<x>3.0900</x>
	<xdata>
	<ydata>
		<x>3.1000</x>
	<xdata>
	<ydata>
		<x>3.1100</x>
	<xdata>
	<ydata>
		<x>3.1200</x>
	<xdata>
	<ydata>
		<x>3.1300</x>
	<xdata>
	<ydata>
		<x>3.1400</x>
	<xdata>
	<ydata>
		<x>3.1500</x>
	<xdata>
	<ydata>
		<x>3.1600</x>
	<xdata>
	<ydata>
		<x>3.1700</x>
	<xdata>
	<ydata>
		<x>3.1800</x>
	<xdata>
	<ydata>
		<x>3.1900</x>
	<xdata>
	<ydata>
		<x>3.2000</x>
	<xdata>
	<ydata>
		<x>3.2100</x>
	<xdata>
	<ydata>
		<x>3.2200</x>
	<xdata>
	<ydata>
		<x>3.2300</x>
	<xdata>
	<ydata>
		<x>3.2400</x>
	<xdata>
	<ydata>
		<x>3.2500</x>
	<xdata>
	<ydata>
		<x>3.2600</x>
	<xdata>
	<ydata>
		<x>3.2700</x>
	<xdata>
	<ydata>
		<x>3.2800</x>
	<xdata>
	<ydata>
		<x>3.2900</x>
	<xdata>
	<ydata>
		<x>3.3000</x>
	<xdata>
	<ydata>
		<x>3.3100</x>
	<xdata>
	<ydata>
		<x>3.3200</x>
	<xdata>
	<ydata>
		<x>3.3300</x>
	<xdata>
	<ydata>
		<x>3.3400</x>
	<xdata>
	<ydata>
		<x>3.3500</x>
	<xdata>
	<ydata>
		<x>3.3600</x>
	<xdata>
	<ydata>
		<x>3.3700</x>
	<xdata>
	<ydata>
		<x>3.3800</x>
	<xdata>
	<ydata>
		<x>3.3900</x>
	<xdata>
	<ydata>
		<x>3.4000</x>
	<xdata>
	<ydata>
		<x>3.4100</x>
	<xdata>
	<ydata>
		<x>3.4200</x>
	<xdata>
	<ydata>
		<x>3.4300</x>
	<xdata>
	<ydata>
		<x>3.4400</x>
	<xdata>
	<ydata>
		<x>3.4500</x>
	<xdata>
	<ydata>
		<x>3.4600</x>
	<xdata>
	<ydata>
		<x>3.4700</x>
	<xdata>
	<ydata>
		<x>3.4800</x>
	<xdata>
	<ydata>
		<x>3.4900</x>
	<xdata>
	<ydata>
		<x>3.5000</x>
	<xdata>
	<ydata>
		<x>3.5100</x>
	<xdata>
	<ydata>
		<x>3.5200</x>
	<xdata>
	<ydata>
		<x>3.5300</x>
	<xdata>
	<ydata>
		<x>3.5400</x>
	<xdata>
	<ydata>
		<x>3.5500</x>
	<xdata>
	<ydata>
		<x>3.5600</x>
	<xdata>
	<ydata>
		<x>3.5700</x>
	<xdata>
	<ydata>
		<x>3.5800</x>
	<xdata>
	<ydata>
		<x>3.5900</x>
	<xdata>
	<ydata>
		<x>3.6000</x>
	<xdata>
	<ydata>
		<x>3.6100</x>
	<xdata>
	<ydata>
		<x>3.6200</x>
	<xdata>
	<ydata>
		<x>3.6300</x>
	<xdata>
	<ydata>
		<x>3.6400</x>
	<xdata>
	<ydata>
		<x>3.6500</x>
	<xdata>
	<ydata>
		<x>3.6600</x>
	<xdata>
	<ydata>
		<x>3.6700</x>
	<xdata>
	<ydata>
		<x>3.6800</x>
	<xdata>
	<ydata>
		<x>3.6900</x>
	<xdata>
	<ydata>
		<x>3.7000</x>
	<xdata>
	<ydata>
		<x>3.7100</x>
	<xdata>
	<ydata>
		<x>3.7200</x>
	<xdata>
	<ydata>
		<x>3.7300</x>
	<xdata>
	<ydata>
		<x>3.7400</x>
	<xdata>
	<ydata>
		<x>3.7500</x>
	<xdata>
	<ydata>
		<x>3.7600</x>
	<xdata>
	<ydata>
		<x>3.7700</x>
	<xdata>
	<ydata>
		<x>3.7800</x>
	<xdata>
	<ydata>
		<x>3.7900</x>
	<xdata>
	<ydata>
		<x>3.8000</x>
	<xdata>
	<ydata>
		<x>3.8100</x>
	<xdata>
	<ydata>
		<x>3.8200</x>
	<xdata>
	<ydata>
		<x>3.8300</x>
	<xdata>
	<ydata>
		<x>3.8400</x>
	<xdata>
	<ydata>
		<x>3.8500</x>
	<xdata>
	<ydata>
		<x>3.8600</x>
	<xdata>
	<ydata>
		<x>3.8700</x>
	<xdata>
	<ydata>
		<x>3.8800</x>
	<xdata>
	<ydata>
		<x>3.8900</x>
	<xdata>
	<ydata>
		<x>3.9000</x>
	<xdata>
	<ydata>
		<x>3.9100</x>
	<xdata>
	<ydata>
		<x>3.9200</x>
	<xdata>
	<ydata>
		<x>3.9300</x>
	<xdata>
	<ydata>
		<x>3.9400</x>
	<xdata>
	<ydata>
		<x>3.9500</x>
	<xdata>
	<ydata>
		<x>3.9600</x>
	<xdata>
	<ydata>
		<x>3.9700</x>
	<xdata>
	<ydata>
		<x>3.9800</x>
	<xdata>
	<ydata>
		<x>3.9900</x>
	<xdata>
	<ydata>
		<x>4.0000</x>
	<xdata>
	<ydata>
		<x>4.0100</x>
	<xdata>
	<ydata>
		<x>4.0200</x>
	<xdata>
	<ydata>
		<x>4.0300</x>
	<xdata>
	<ydata>
		<x>4.0400</x>
	<xdata>
	<ydata>
		<x>4.0500</x>
	<xdata>
	<ydata>
		<x>4.0600</x>
	<xdata>
	<ydata>
		<x>4.0700</x>
	<xdata>
	<ydata>
		<x>4.0800</x>
	<xdata>
	<ydata>
		<x>4.0900</x>
	<xdata>
	<ydata>
		<x>4.1000</x>
	<xdata>
	<ydata>
		<x>4.1100</x>
	<xdata>
	<ydata>
		<x>4.1200</x>
	<xdata>
	<ydata>
		<x>4.1300</x>
	<xdata>
	<ydata>
		<x>4.1400</x>
	<xdata>
	<ydata>
		<x>4.1500</x>
	<xdata>
	<ydata>
		<x>4.1600</x>
	<xdata>
	<ydata>
		<x>4.1700</x>
	<xdata>
	<ydata>
		<x>4.1800</x>
	<xdata>
	<ydata>
		<x>4.1900</x>
	<xdata>
	<ydata>
		<x>4.2000</x>
	<xdata>
	<ydata>
		<x>4.2100</x>
	<xdata>
	<ydata>
		<x>4.2200</x>
	<xdata>
	<ydata>
		<x>4.2300</x>
	<xdata>
	<ydata>
		<x>4.2400</x>
	<xdata>
	<ydata>
		<x>4.2500</x>
	<xdata>
	<ydata>
		<x>4.2600</x>
	<xdata>
	<ydata>
		<x>4.2700</x>
	<xdata>
	<ydata>
		<x>4.2800</x>
	<xdata>
	<ydata>
		<x>4.2900</x>
	<xdata>
	<ydata>
		<x>4.3000</x>
	<xdata>
	<ydata>
		<x>4.3100</x>
	<xdata>
	<ydata>
		<x>4.3200</x>
	<xdata>
	<ydata>
		<x>4.3300</x>
	<xdata>
	<ydata>
		<x>4.3400</x>
	<xdata>
	<ydata>
		<x>4.3500</x>
	<xdata>
	<ydata>
		<x>4.3600</x>
	<xdata>
	<ydata>
		<x>4.3700</x>
	<xdata>
	<ydata>
		<x>4.3800</x>
	<xdata>
	<ydata>
		<x>4.3900</x>
	<xdata>
	<ydata>
		<x>4.4000</x>
	<xdata>
	<ydata>
		<x>4.4100</x>
	<xdata>
	<ydata>
		<x>4.4200</x>
	<xdata>
	<ydata>
		<x>4.4300</x>
	<xdata>
	<ydata>
		<x>4.4400</x>
	<xdata>
	<ydata>
		<x>4.4500</x>
	<xdata>
	<ydata>
		<x>4.4600</x>
	<xdata>
	<ydata>
		<x>4.4700</x>
	<xdata>
	<ydata>
		<x>4.4800</x>
	<xdata>
	<ydata>
		<x>4.4900</x>
	<xdata>
	<ydata>
		<x>4.5000</x>
	<xdata>
	<ydata>
		<x>4.5100</x>
	<xdata>
	<ydata>
		<x>4.5200</x>
	<xdata>
	<ydata>
		<x>4.5300</x>
	<xdata>
	<ydata>
		<x>4.5400</x>
	<xdata>
	<ydata>
		<x>4.5500</x>
	<xdata>
	<ydata>
		<x>4.5600</x>
	<xdata>
	<ydata>
		<x>4.5700</x>
	<xdata>
	<ydata>
		<x>4.5800</x>
	<xdata>
	<ydata>
		<x>4.5900</x>
	<xdata>
	<ydata>
		<x>4.6000</x>
	<xdata>
	<ydata>
		<x>4.6100</x>
	<xdata>
	<ydata>
		<x>4.6200</x>
	<xdata>
	<ydata>
		<x>4.6300</x>
	<xdata>
	<ydata>
		<x>4.6400</x>
	<xdata>
	<ydata>
		<x>4.6500</x>
	<xdata>
	<ydata>
		<x>4.6600</x>
	<xdata>
	<ydata>
		<x>4.6700</x>
	<xdata>
	<ydata>
		<x>4.6800</x>
	<xdata>
	<ydata>
		<x>4.6900</x>
	<xdata>
	<ydata>
		<x>4.7000</x>
	<xdata>
	<ydata>
		<x>4.7100</x>
	<xdata>
	<ydata>
		<x>4.7200</x>
	<xdata>
	<ydata>
		<x>4.7300</x>
	<xdata>
	<ydata>
		<x>4.7400</x>
	<xdata>
	<ydata>
		<x>4.7500</x>
	<xdata>
	<ydata>
		<x>4.7600</x>
	<xdata>
	<ydata>
		<x>4.7700</x>
	<xdata>
	<ydata>
		<x>4.7800</x>
	<xdata>
	<ydata>
		<x>4.7900</x>
	<xdata>
	<ydata>
		<x>4.8000</x>
	<xdata>
	<ydata>
		<x>4.8100</x>
	<xdata>
	<ydata>
		<x>4.8200</x>
	<xdata>
	<ydata>
		<x>4.8300</x>
	<xdata>
	<ydata>
		<x>4.8400</x>
	<xdata>
	<ydata>
		<x>4.8500</x>
	<xdata>
	<ydata>
		<x>4.8600</x>
	<xdata>
	<ydata>
		<x>4.8700</x>
	<xdata>
	<ydata>
		<x>4.8800</x>
	<xdata>
	<ydata>
		<x>4.8900</x>
	<xdata>
	<ydata>
		<x>4.9000</x>
	<xdata>
	<ydata>
		<x>4.9100</x>
	<xdata>
	<ydata>
		<x>4.9200</x>
	<xdata>
	<ydata>
		<x>4.9300</x>
	<xdata>
	<ydata>
		<x>4.9400</x>
	<xdata>
	<ydata>
		<x>4.9500</x>
	<xdata>
	<ydata>
		<x>4.9600</x>
	<xdata>
	<ydata>
		<x>4.9700</x>
	<xdata>
	<ydata>
		<x>4.9800</x>
	<xdata>
	<ydata>
		<x>4.9900</x>
	<xdata>
	<ydata>
		<x>5.0000</x>
	<xdata>
	<ydata>
		<x>5.0100</x>
	<xdata>
	<ydata>
		<x>5.0200</x>
	<xdata>
	<ydata>
		<x>5.0300</x>
	<xdata>
	<ydata>
		<x>5.0400</x>
	<xdata>
	<ydata>
		<x>5.0500</x>
	<xdata>
	<ydata>
		<x>5.0600</x>
	<xdata>
	<ydata>
		<x>5.0700</x>
	<xdata>
	<ydata>
		<x>5.0800</x>
	<xdata>
	<ydata>
		<x>5.0900</x>
	<xdata>
	<ydata>
		<x>5.1000</x>
	<xdata>
	<ydata>
		<x>5.1100</x>
	<xdata>
	<ydata>
		<x>5.1200</x>
	<xdata>
	<ydata>
		<x>5.1300</x>
	<xdata>
	<ydata>
		<x>5.1400</x>
	<xdata>
	<ydata>
		<x>5.1500</x>
	<xdata>
	<ydata>
		<x>5.1600</x>
	<xdata>
	<ydata>
		<x>5.1700</x>
	<xdata>
	<ydata>
		<x>5.1800</x>
	<xdata>
	<ydata>
		<x>5.1900</x>
	<xdata>
	<ydata>
		<x>5.2000</x>
	<xdata>
	<ydata>
		<x>5.2100</x>
	<xdata>
	<ydata>
		<x>5.2200</x>
	<xdata>
	<ydata>
		<x>5.2300</x>
	<xdata>
	<ydata>
		<x>5.2400</x>
	<xdata>
	<ydata>
		<x>5.2500</x>
	<xdata>
	<ydata>
		<x>5.2600</x>
	<xdata>
	<ydata>
		<x>5.2700</x>
	<xdata>
	<ydata>
		<x>5.2800</x>
	<xdata>
	<ydata>
		<x>5.2900</x>
	<xdata>
	<ydata>
		<x>5.3000</x>
	<xdata>
	<ydata>
		<x>5.3100</x>
	<xdata>
	<ydata>
		<x>5.3200</x>
	<xdata>
	<ydata>
		<x>5.3300</x>
	<xdata>
	<ydata>
		<x>5.3400</x>
	<xdata>
	<ydata>
		<x>5.3500</x>
	<xdata>
	<ydata>
		<x>5.3600</x>
	<xdata>
	<ydata>
		<x>5.3700</x>
	<xdata>
	<ydata>
		<x>5.3800</x>
	<xdata>
	<ydata>
		<x>5.3900</x>
	<xdata>
	<ydata>
		<x>5.4000</x>
	<xdata>
	<ydata>
		<x>5.4100</x>
	<xdata>
	<ydata>
		<x>5.4200</x>
	<xdata>
	<ydata>
		<x>5.4300</x>
	<xdata>
	<ydata>
		<x>5.4400</x>
	<xdata>
	<ydata>
		<x>5.4500</x>
	<xdata>
	<ydata>
		<x>5.4600</x>
	<xdata>
	<ydata>
		<x>5.4700</x>
	<xdata>
	<ydata>
		<x>5.4800</x>
	<xdata>
	<ydata>
		<x>5.4900</x>
	<xdata>
	<ydata>
		<x>5.5000</x>
	<xdata>
	<ydata>
		<x>5.5100</x>
	<xdata>
	<ydata>
		<x>5.5200</x>
	<xdata>
	<ydata>
		<x>5.5300</x>
	<xdata>
	<ydata>
		<x>5.5400</x>
	<xdata>
	<ydata>
		<x>5.5500</x>
	<xdata>
	<ydata>
		<x>5.5600</x>
	<xdata>
	<ydata>
		<x>5.5700</x>
	<xdata>
	<ydata>
		<x>5.5800</x>
	<xdata>
	<ydata>
		<x>5.5900</x>
	<xdata>
	<ydata>
		<x>5.6000</x>
	<xdata>
	<ydata>
		<x>5.6100</x>
	<xdata>
	<ydata>
		<x>5.6200</x>
	<xdata>
	<ydata>
		<x>5.6300</x>
	<xdata>
	<ydata>
		<x>5.6400</x>
	<xdata>
	<ydata>
		<x>5.6500</x>
	<xdata>
	<ydata>
		<x>5.6600</x>
	<xdata>
	<ydata>
		<x>5.6700</x>
	<xdata>
	<ydata>
		<x>5.6800</x>
	<xdata>
	<ydata>
		<x>5.6900</x>
	<xdata>
	<ydata>
		<x>5.7000</x>
	<xdata>
	<ydata>
		<x>5.7100</x>
	<xdata>
	<ydata>
		<x>5.7200</x>
	<xdata>
	<ydata>
		<x>5.7300</x>
	<xdata>
	<ydata>
		<x>5.7400</x>
	<xdata>
	<ydata>
		<x>5.7500</x>
	<xdata>
	<ydata>
		<x>5.7600</x>
	<xdata>
	<ydata>
		<x>5.7700</x>
	<xdata>
	<ydata>
		<x>5.7800</x>
	<xdata>
	<ydata>
		<x>5.7900</x>
	<xdata>
	<ydata>
		<x>5.8000</x>
	<xdata>
	<ydata>
		<x>5.8100</x>
	<xdata>
	<ydata>
		<x>5.8200</x>
	<xdata>
	<ydata>
		<x>5.8300</x>
	<xdata>
	<ydata>
		<x>5.8400</x>
	<xdata>
	<ydata>
		<x>5.8500</x>
	<xdata>
	<ydata>
		<x>5.8600</x>
	<xdata>
	<ydata>
		<x>5.8700</x>
	<xdata>
	<ydata>
		<x>5.8800</x>
	<xdata>
	<ydata>
		<x>5.8900</x>
	<xdata>
	<ydata>
		<x>5.9000</x>
	<xdata>
	<ydata>
		<x>5.9100</x>
	<xdata>
	<ydata>
		<x>5.9200</x>
	<xdata>
	<ydata>
		<x>5.9300</x>
	<xdata>
	<ydata>
		<x>5.9400</x>
	<xdata>
	<ydata>
		<x>5.9500</x>
	<xdata>
	<ydata>
		<x>5.9600</x>
	<xdata>
	<ydata>
		<x>5.9700</x>
	<xdata>
	<ydata>
		<x>5.9800</x>
	<xdata>
	<ydata>
		<x>5.9900</x>
	<xdata>
	<ydata>
		<x>6.0000</x>
	<xdata>
	<ydata>
		<x>6.0100</x>
	<xdata>
	<ydata>
		<x>6.0200</x>
	<xdata>
	<ydata>
		<x>6.0300</x>
	<xdata>
	<ydata>
		<x>6.0400</x>
	<xdata>
	<ydata>
		<x>6.0500</x>
	<xdata>
	<ydata>
		<x>6.0600</x>
	<xdata>
	<ydata>
		<x>6.0700</x>
	<xdata>
	<ydata>
		<x>6.0800</x>
	<xdata>
	<ydata>
		<x>6.0900</x>
	<xdata>
	<ydata>
		<x>6.1000</x>
	<xdata>
	<ydata>
		<x>6.1100</x>
	<xdata>
	<ydata>
		<x>6.1200</x>
	<xdata>
	<ydata>
		<x>6.1300</x>
	<xdata>
	<ydata>
		<x>6.1400</x>
	<xdata>
	<ydata>
		<x>6.1500</x>
	<xdata>
	<ydata>
		<x>6.1600</x>
	<xdata>
	<ydata>
		<x>6.1700</x>
	<xdata>
	<ydata>
		<x>6.1800</x>
	<xdata>
	<ydata>
		<x>6.1900</x>
	<xdata>
	<ydata>
		<x>6.2000</x>
	<xdata>
	<ydata>
		<x>6.2100</x>
	<xdata>
	<ydata>
		<x>6.2200</x>
	<xdata>
	<ydata>
		<x>6.2300</x>
	<xdata>
	<ydata>
		<x>6.2400</x>
	<xdata>
	<ydata>
		<x>6.2500</x>
	<xdata>
	<ydata>
		<x>6.2600</x>
	<xdata>
	<ydata>
		<x>6.2700</x>
	<xdata>
	<ydata>
		<x>6.2800</x>
	<xdata>
	<ydata>
		<x>6.2900</x>
	<xdata>
	<ydata>
		<x>6.3000</x>
	<xdata>
	<ydata>
		<x>6.3100</x>
	<xdata>
	<ydata>
		<x>6.3200</x>
	<xdata>
	<ydata>
		<x>6.3300</x>
	<xdata>
	<ydata>
		<x>6.3400</x>
	<xdata>
	<ydata>
		<x>6.3500</x>
	<xdata>
	<ydata>
		<x>6.3600</x>
	<xdata>
	<ydata>
		<x>6.3700</x>
	<xdata>
	<ydata>
		<x>6.3800</x>
	<xdata>
	<ydata>
		<x>6.3900</x>
	<xdata>
	<ydata>
		<x>6.4000</x>
	<xdata>
	<ydata>
		<x>6.4100</x>
	<xdata>
	<ydata>
		<x>6.4200</x>
	<xdata>
	<ydata>
		<x>6.4300</x>
	<xdata>
	<ydata>
		<x>6.4400</x>
	<xdata>
	<ydata>
		<x>6.4500</x>
	<xdata>
	<ydata>
		<x>6.4600</x>
	<xdata>
	<ydata>
		<x>6.4700</x>
	<xdata>
	<ydata>
		<x>6.4800</x>
	<xdata>
	<ydata>
		<x>6.4900</x>
	<xdata>
	<ydata>
		<x>6.5000</x>
	<xdata>
	<ydata>
		<x>6.5100</x>
	<xdata>
	<ydata>
		<x>6.5200</x>
	<xdata>
	<ydata>
		<x>6.5300</x>
	<xdata>
	<ydata>
		<x>6.5400</x>
	<xdata>
	<ydata>
		<x>6.5500</x>
	<xdata>
	<ydata>
		<x>6.5600</x>
	<xdata>
	<ydata>
		<x>6.5700</x>
	<xdata>
	<ydata>
		<x>6.5800</x>
	<xdata>
	<ydata>
		<x>6.5900</x>
	<xdata>
	<ydata>
		<x>6.6000</x>
	<xdata>
	<ydata>
		<x>6.6100</x>
	<xdata>
	<ydata>
		<x>6.6200</x>
	<xdata>
	<ydata>
		<x>6.6300</x>
	<xdata>
	<ydata>
		<x>6.6400</x>
	<xdata>
	<ydata>
		<x>6.6500</x>
	<xdata>
	<ydata>
		<x>6.6600</x>
	<xdata>
	<ydata>
		<x>6.6700</x>
	<xdata>
	<ydata>
		<x>6.6800</x>
	<xdata>
	<ydata>
		<x>6.6900</x>
	<xdata>
	<ydata>
		<x>6.7000</x>
	<xdata>
	<ydata>
		<x>6.7100</x>
	<xdata>
	<ydata>
		<x>6.7200</x>
	<xdata>
	<ydata>
		<x>6.7300</x>
	<xdata>
	<ydata>
		<x>6.7400</x>
	<xdata>
	<ydata>
		<x>6.7500</x>
	<xdata>
	<ydata>
		<x>6.7600</x>
	<xdata>
	<ydata>
		<x>6.7700</x>
	<xdata>
	<ydata>
		<x>6.7800</x>
	<xdata>
	<ydata>
		<x>6.7900</x>
	<xdata>
	<ydata>
		<x>6.8000</x>
	<xdata>
	<ydata>
		<x>6.8100</x>
	<xdata>
	<ydata>
		<x>6.8200</x>
	<xdata>
	<ydata>
		<x>6.8300</x>
	<xdata>
	<ydata>
		<x>6.8400</x>
	<xdata>
	<ydata>
		<x>6.8500</x>
	<xdata>
	<ydata>
		<x>6.8600</x>
	<xdata>
	<ydata>
		<x>6.8700</x>
	<xdata>
	<ydata>
		<x>6.8800</x>
	<xdata>
	<ydata>
		<x>6.8900</x>
	<xdata>
	<ydata>
		<x>6.9000</x>
	<xdata>
	<ydata>
		<x>6.9100</x>
	<xdata>
	<ydata>
		<x>6.9200</x>
	<xdata>
	<ydata>
		<x>6.9300</x>
	<xdata>
	<ydata>
		<x>6.9400</x>
	<xdata>
	<ydata>
		<x>6.9500</x>
	<xdata>
	<ydata>
		<x>6.9600</x>
	<xdata>
	<ydata>
		<x>6.9700</x>
	<xdata>
	<ydata>
		<x>6.9800</x>
	<xdata>
	<ydata>
		<x>6.9900</x>
	<xdata>
	<ydata>
		<x>7.0000</x>
	<xdata>
	<ydata>
		<x>7.0100</x>
	<xdata>
	<ydata>
		<x>7.0200</x>
	<xdata>
	<ydata>
		<x>7.0300</x>
	<xdata>
	<ydata>
		<x>7.0400</x>
	<xdata>
	<ydata>
		<x>7.0500</x>
	<xdata>
	<ydata>
		<x>7.0600</x>
	<xdata>
	<ydata>
		<x>7.0700</x>
	<xdata>
	<ydata>
		<x>7.0800</x>
	<xdata>
	<ydata>
		<x>7.0900</x>
	<xdata>
	<ydata>
		<x>7.1000</x>
	<xdata>
	<ydata>
		<x>7.1100</x>
	<xdata>
	<ydata>
		<x>7.1200</x>
	<xdata>
	<ydata>
		<x>7.1300</x>
	<xdata>
	<ydata>
		<x>7.1400</x>
	<xdata>
	<ydata>
		<x>7.1500</x>
	<xdata>
	<ydata>
		<x>7.1600</x>
	<xdata>
	<ydata>
		<x>7.1700</x>
	<xdata>
	<ydata>
		<x>7.1800</x>
	<xdata>
	<ydata>
		<x>7.1900</x>
	<xdata>
	<ydata>
		<x>7.2000</x>
	<xdata>
	<ydata>
		<x>7.2100</x>
	<xdata>
	<ydata>
		<x>7.2200</x>
	<xdata>
	<ydata>
		<x>7.2300</x>
	<xdata>
	<ydata>
		<x>7.2400</x>
	<xdata>
	<ydata>
		<x>7.2500</x>
	<xdata>
	<ydata>
		<x>7.2600</x>
	<xdata>
	<ydata>
		<x>7.2700</x>
	<xdata>
	<ydata>
		<x>7.2800</x>
	<xdata>
	<ydata>
		<x>7.2900</x>
	<xdata>
	<ydata>
		<x>7.3000</x>
	<xdata>
	<ydata>
		<x>7.3100</x>
	<xdata>
	<ydata>
		<x>7.3200</x>
	<xdata>
	<ydata>
		<x>7.3300</x>
	<xdata>
	<ydata>
		<x>7.3400</x>
	<xdata>
	<ydata>
		<x>7.3500</x>
	<xdata>
	<ydata>
		<x>7.3600</x>
	<xdata>
	<ydata>
		<x>7.3700</x>
	<xdata>
	<ydata>
		<x>7.3800</x>
	<xdata>
	<ydata>
		<x>7.3900</x>
	<xdata>
	<ydata>
		<x>7.4000</x>
	<xdata>
	<ydata>
		<x>7.4100</x>
	<xdata>
	<ydata>
		<x>7.4200</x>
	<xdata>
	<ydata>
		<x>7.4300</x>
	<xdata>
	<ydata>
		<x>7.4400</x>
	<xdata>
	<ydata>
		<x>7.4500</x>
	<xdata>
	<ydata>
		<x>7.4600</x>
	<xdata>
	<ydata>
		<x>7.4700</x>
	<xdata>
	<ydata>
		<x>7.4800</x>
	<xdata>
	<ydata>
		<x>7.4900</x>
	<xdata>
	<ydata>
		<x>7.5000</x>
	<xdata>
	<ydata>
		<x>7.5100</x>
	<xdata>
	<ydata>
		<x>7.5200</x>
	<xdata>
	<ydata>
		<x>7.5300</x>
	<xdata>
	<ydata>
		<x>7.5400</x>
	<xdata>
	<ydata>
		<x>7.5500</x>
	<xdata>
	<ydata>
		<x>7.5600</x>
	<xdata>
	<ydata>
		<x>7.5700</x>
	<xdata>
	<ydata>
		<x>7.5800</x>
	<xdata>
	<ydata>
		<x>7.5900</x>
	<xdata>
	<ydata>
		<x>7.6000</x>
	<xdata>
	<ydata>
		<x>7.6100</x>
	<xdata>
	<ydata>
		<x>7.6200</x>
	<xdata>
	<ydata>
		<x>7.6300</x>
	<xdata>
	<ydata>
		<x>7.6400</x>
	<xdata>
	<ydata>
		<x>7.6500</x>
	<xdata>
	<ydata>
		<x>7.6600</x>
	<xdata>
	<ydata>
		<x>7.6700</x>
	<xdata>
	<ydata>
		<x>7.6800</x>
	<xdata>
	<ydata>
		<x>7.6900</x>
	<xdata>
	<ydata>
		<x>7.7000</x>
	<xdata>
	<ydata>
		<x>7.7100</x>
	<xdata>
	<ydata>
		<x>7.7200</x>
	<xdata>
	<ydata>
		<x>7.7300</x>
	<xdata>
	<ydata>
		<x>7.7400</x>
	<xdata>
	<ydata>
		<x>7.7500</x>
	<xdata>
	<ydata>
		<x>7.7600</x>
	<xdata>
	<ydata>
		<x>7.7700</x>
	<xdata>
	<ydata>
		<x>7.7800</x>
	<xdata>
	<ydata>
		<x>7.7900</x>
	<xdata>
	<ydata>
		<x>7.8000</x>
	<xdata>
	<ydata>
		<x>7.8100</x>
	<xdata>
	<ydata>
		<x>7.8200</x>
	<xdata>
	<ydata>
		<x>7.8300</x>
	<xdata>
	<ydata>
		<x>7.8400</x>
	<xdata>
	<ydata>
		<x>7.8500</x>
	<xdata>
	<ydata>
		<x>7.8600</x>
	<xdata>
	<ydata>
		<x>7.8700</x>
	<xdata>
	<ydata>
		<x>7.8800</x>
	<xdata>
	<ydata>
		<x>7.8900</x>
	<xdata>
	<ydata>
		<x>7.9000</x>
	<xdata>
	<ydata>
		<x>7.9100</x>
	<xdata>
	<ydata>
		<x>7.9200</x>
	<xdata>
	<ydata>
		<x>7.9300</x>
	<xdata>
	<ydata>
		<x>7.9400</x>
	<xdata>
	<ydata>
		<x>7.9500</x>
	<xdata>
	<ydata>
		<x>7.9600</x>
	<xdata>
	<ydata>
		<x>7.9700</x>
	<xdata>
	<ydata>
		<x>7.9800</x>
	<xdata>
	<ydata>
		<x>7.9900</x>
	<xdata>
	<ydata>
		<x>8.0000</x>
	<xdata>
	<ydata>
		<x>8.0100</x>
	<xdata>
	<ydata>
		<x>8.0200</x>
	<xdata>
	<ydata>
		<x>8.0300</x>
	<xdata>
	<ydata>
		<x>8.0400</x>
	<xdata>
	<ydata>
		<x>8.0500</x>
	<xdata>
	<ydata>
		<x>8.0600</x>
	<xdata>
	<ydata>
		<x>8.0700</x>
	<xdata>
	<ydata>
		<x>8.0800</x>
	<xdata>
	<ydata>
		<x>8.0900</x>
	<xdata>
	<ydata>
		<x>8.1000</x>
	<xdata>
	<ydata>
		<x>8.1100</x>
	<xdata>
	<ydata>
		<x>8.1200</x>
	<xdata>
	<ydata>
		<x>8.1300</x>
	<xdata>
	<ydata>
		<x>8.1400</x>
	<xdata>
	<ydata>
		<x>8.1500</x>
	<xdata>
	<ydata>
		<x>8.1600</x>
	<xdata>
	<ydata>
		<x>8.1700</x>
	<xdata>
	<ydata>
		<x>8.1800</x>
	<xdata>
	<ydata>
		<x>8.1900</x>
	<xdata>
	<ydata>
		<x>8.2000</x>
	<xdata>
	<ydata>
		<x>8.2100</x>
	<xdata>
	<ydata>
		<x>8.2200</x>
	<xdata>
	<ydata>
		<x>8.2300</x>
	<xdata>
	<ydata>
		<x>8.2400</x>
	<xdata>
	<ydata>
		<x>8.2500</x>
	<xdata>
	<ydata>
		<x>8.2600</x>
	<xdata>
	<ydata>
		<x>8.2700</x>
	<xdata>
	<ydata>
		<x>8.2800</x>
	<xdata>
	<ydata>
		<x>8.2900</x>
	<xdata>
	<ydata>
		<x>8.3000</x>
	<xdata>
	<ydata>
		<x>8.3100</x>
	<xdata>
	<ydata>
		<x>8.3200</x>
	<xdata>
	<ydata>
		<x>8.3300</x>
	<xdata>
	<ydata>
		<x>8.3400</x>
	<xdata>
	<ydata>
		<x>8.3500</x>
	<xdata>
	<ydata>
		<x>8.3600</x>
	<xdata>
	<ydata>
		<x>8.3700</x>
	<xdata>
	<ydata>
		<x>8.3800</x>
	<xdata>
	<ydata>
		<x>8.3900</x>
	<xdata>
	<ydata>
		<x>8.4000</x>
	<xdata>
	<ydata>
		<x>8.4100</x>
	<xdata>
	<ydata>
		<x>8.4200</x>
	<xdata>
	<ydata>
		<x>8.4300</x>
	<xdata>
	<ydata>
		<x>8.4400</x>
	<xdata>
	<ydata>
		<x>8.4500</x>
	<xdata>
	<ydata>
		<x>8.4600</x>
	<xdata>
	<ydata>
		<x>8.4700</x>
	<xdata>
	<ydata>
		<x>8.4800</x>
	<xdata>
	<ydata>
		<x>8.4900</x>
	<xdata>
	<ydata>
		<x>8.5000</x>
	<xdata>
	<ydata>
		<x>8.5100</x>
	<xdata>
	<ydata>
		<x>8.5200</x>
	<xdata>
	<ydata>
		<x>8.5300</x>
	<xdata>
	<ydata>
		<x>8.5400</x>
	<xdata>
	<ydata>
		<x>8.5500</x>
	<xdata>
	<ydata>
		<x>8.5600</x>
	<xdata>
	<ydata>
		<x>8.5700</x>
	<xdata>
	<ydata>
		<x>8.5800</x>
	<xdata>
	<ydata>
		<x>8.5900</x>
	<xdata>
	<ydata>
		<x>8.6000</x>
	<xdata>
	<ydata>
		<x>8.6100</x>
	<xdata>
	<ydata>
		<x>8.6200</x>
	<xdata>
	<ydata>
		<x>8.6300</x>
	<xdata>
	<ydata>
		<x>8.6400</x>
	<xdata>
	<ydata>
		<x>8.6500</x>
	<xdata>
	<ydata>
		<x>8.6600</x>
	<xdata>
	<ydata>
		<x>8.6700</x>
	<xdata>
	<ydata>
		<x>8.6800</x>
	<xdata>
	<ydata>
		<x>8.6900</x>
	<xdata>
	<ydata>
		<x>8.7000</x>
	<xdata>
	<ydata>
		<x>8.7100</x>
	<xdata>
	<ydata>
		<x>8.7200</x>
	<xdata>
	<ydata>
		<x>8.7300</x>
	<xdata>
	<ydata>
		<x>8.7400</x>
	<xdata>
	<ydata>
		<x>8.7500</x>
	<xdata>
	<ydata>
		<x>8.7600</x>
	<xdata>
	<ydata>
		<x>8.7700</x>
	<xdata>
	<ydata>
		<x>8.7800</x>
	<xdata>
	<ydata>
		<x>8.7900</x>
	<xdata>
	<ydata>
		<x>8.8000</x>
	<xdata>
	<ydata>
		<x>8.8100</x>
	<xdata>
	<ydata>
		<x>8.8200</x>
	<xdata>
	<ydata>
		<x>8.8300</x>
	<xdata>
	<ydata>
		<x>8.8400</x>
	<xdata>
	<ydata>
		<x>8.8500</x>
	<xdata>
	<ydata>
		<x>8.8600</x>
	<xdata>
	<ydata>
		<x>8.8700</x>
	<xdata>
	<ydata>
		<x>8.8800</x>
	<xdata>
	<ydata>
		<x>8.8900</x>
	<xdata>
	<ydata>
		<x>8.9000</x>
	<xdata>
	<ydata>
		<x>8.9100</x>
	<xdata>
	<ydata>
		<x>8.9200</x>
	<xdata>
	<ydata>
		<x>8.9300</x>
	<xdata>
	<ydata>
		<x>8.9400</x>
	<xdata>
	<ydata>
		<x>8.9500</x>
	<xdata>
	<ydata>
		<x>8.9600</x>
	<xdata>
	<ydata>
		<x>8.9700</x>
	<xdata>
	<ydata>
		<x>8.9800</x>
	<xdata>
	<ydata>
		<x>8.9900</x>
	<xdata>
	<ydata>
		<x>9.0000</x>
	<xdata>
	<ydata>
		<x>9.0100</x>
	<xdata>
	<ydata>
		<x>9.0200</x>
	<xdata>
	<ydata>
		<x>9.0300</x>
	<xdata>
	<ydata>
		<x>9.0400</x>
	<xdata>
	<ydata>
		<x>9.0500</x>
	<xdata>
	<ydata>
		<x>9.0600</x>
	<xdata>
	<ydata>
		<x>9.0700</x>
	<xdata>
	<ydata>
		<x>9.0800</x>
	<xdata>
	<ydata>
		<x>9.0900</x>
	<xdata>
	<ydata>
		<x>9.1000</x>
	<xdata>
	<ydata>
		<x>9.1100</x>
	<xdata>
	<ydata>
		<x>9.1200</x>
	<xdata>
	<ydata>
		<x>9.1300</x>
	<xdata>
	<ydata>
		<x>9.1400</x>
	<xdata>
	<ydata>
		<x>9.1500</x>
	<xdata>
	<ydata>
		<x>9.1600</x>
	<xdata>
	<ydata>
		<x>9.1700</x>
	<xdata>
	<ydata>
		<x>9.1800</x>
	<xdata>
	<ydata>
		<x>9.1900</x>
	<xdata>
	<ydata>
		<x>9.2000</x>
	<xdata>
	<ydata>
		<x>9.2100</x>
	<xdata>
	<ydata>
		<x>9.2200</x>
	<xdata>
	<ydata>
		<x>9.2300</x>
	<xdata>
	<ydata>
		<x>9.2400</x>
	<xdata>
	<ydata>
		<x>9.2500</x>
	<xdata>
	<ydata>
		<x>9.2600</x>
	<xdata>
	<ydata>
		<x>9.2700</x>
	<xdata>
	<ydata>
		<x>9.2800</x>
	<xdata>
	<ydata>
		<x>9.2900</x>
	<xdata>
	<ydata>
		<x>9.3000</x>
	<xdata>
	<ydata>
		<x>9.3100</x>
	<xdata>
	<ydata>
		<x>9.3200</x>
	<xdata>
	<ydata>
		<x>9.3300</x>
	<xdata>
	<ydata>
		<x>9.3400</x>
	<xdata>
	<ydata>
		<x>9.3500</x>
	<xdata>
	<ydata>
		<x>9.3600</x>
	<xdata>
	<ydata>
		<x>9.3700</x>
	<xdata>
	<ydata>
		<x>9.3800</x>
	<xdata>
	<ydata>
		<x>9.3900</x>
	<xdata>
	<ydata>
		<x>9.4000</x>
	<xdata>
	<ydata>
		<x>9.4100</x>
	<xdata>
	<ydata>
		<x>9.4200</x>
	<xdata>
	<ydata>
		<x>9.4300</x>
	<xdata>
	<ydata>
		<x>9.4400</x>
	<xdata>
	<ydata>
		<x>9.4500</x>
	<xdata>
	<ydata>
		<x>9.4600</x>
	<xdata>
	<ydata>
		<x>9.4700</x>
	<xdata>
	<ydata>
		<x>9.4800</x>
	<xdata>
	<ydata>
		<x>9.4900</x>
	<xdata>
	<ydata>
		<x>9.5000</x>
	<xdata>
	<ydata>
		<x>9.5100</x>
	<xdata>
	<ydata>
		<x>9.5200</x>
	<xdata>
	<ydata>
		<x>9.5300</x>
	<xdata>
	<ydata>
		<x>9.5400</x>
	<xdata>
	<ydata>
		<x>9.5500</x>
	<xdata>
	<ydata>
		<x>9.5600</x>
	<xdata>
	<ydata>
		<x>9.5700</x>
	<xdata>
	<ydata>
		<x>9.5800</x>
	<xdata>
	<ydata>
		<x>9.5900</x>
	<xdata>
	<ydata>
		<x>9.6000</x>
	<xdata>
	<ydata>
		<x>9.6100</x>
	<xdata>
	<ydata>
		<x>9.6200</x>
	<xdata>
	<ydata>
		<x>9.6300</x>
	<xdata>
	<ydata>
		<x>9.6400</x>
	<xdata>
	<ydata>
		<x>9.6500</x>
	<xdata>
	<ydata>
		<x>9.6600</x>
	<xdata>
	<ydata>
		<x>9.6700</x>
	<xdata>
	<ydata>
		<x>9.6800</x>
	<xdata>
	<ydata>
		<x>9.6900</x>
	<xdata>
	<ydata>
		<x>9.7000</x>
	<xdata>
	<ydata>
		<x>9.7100</x>
	<xdata>
	<ydata>
		<x>9.7200</x>
	<xdata>
	<ydata>
		<x>9.7300</x>
	<xdata>
	<ydata>
		<x>9.7400</x>
	<xdata>
	<ydata>
		<x>9.7500</x>
	<xdata>
	<ydata>
		<x>9.7600</x>
	<xdata>
	<ydata>
		<x>9.7700</x>
	<xdata>
	<ydata>
		<x>9.7800</x>
	<xdata>
	<ydata>
		<x>9.7900</x>
	<xdata>
	<ydata>
		<x>9.8000</x>
	<xdata>
	<ydata>
		<x>9.8100</x>
	<xdata>
	<ydata>
		<x>9.8200</x>
	<xdata>
	<ydata>
		<x>9.8300</x>
	<xdata>
	<ydata>
		<x>9.8400</x>
	<xdata>
	<ydata>
		<x>9.8500</x>
	<xdata>
	<ydata>
		<x>9.8600</x>
	<xdata>
	<ydata>
		<x>9.8700</x>
	<xdata>
	<ydata>
		<x>9.8800</x>
	<xdata>
	<ydata>
		<x>9.8900</x>
	<xdata>
	<ydata>
		<x>9.9000</x>
	<xdata>
	<ydata>
		<x>9.9100</x>
	<xdata>
	<ydata>
		<x>9.9200</x>
	<xdata>
	<ydata>
		<x>9.9300</x>
	<xdata>
	<ydata>
		<x>9.9400</x>
	<xdata>
	<ydata>
		<x>9.9500</x>
	<xdata>
	<ydata>
		<x>9.9600</x>
	<xdata>
	<ydata>
		<x>9.9700</x>
	<xdata>
	<ydata>
		<x>9.9800</x>
	<xdata>
	<ydata>
		<x>9.9900</x>
	<xdata>
	<ydata>
		<x>10.0000</x>
	<xdata>
	<ydata>
		<y>-10.0000</y>
		<y>-9.9900</y>
		<y>-9.9800</y>
		<y>-9.9700</y>
		<y>-9.9600</y>
		<y>-9.9500</y>
		<y>-9.9400</y>
		<y>-9.9300</y>
		<y>-9.9200</y>
		<y>-9.9100</y>
		<y>-9.9000</y>
		<y>-9.8900</y>
		<y>-9.8800</y>
		<y>-9.8700</y>
		<y>-9.8600</y>
		<y>-9.8500</y>
		<y>-9.8400</y>
		<y>-9.8300</y>
		<y>-9.8200</y>
		<y>-9.8100</y>
		<y>-9.8000</y>
		<y>-9.7900</y>
		<y>-9.7800</y>
		<y>-9.7700</y>
		<y>-9.7600</y>
		<y>-9.7500</y>
		<y>-9.7400</y>
		<y>-9.7300</y>
		<y>-9.7200</y>
		<y>-9.7100</y>
		<y>-9.7000</y>
		<y>-9.6900</y>
		<y>-9.6800</y>
		<y>-9.6700</y>
		<y>-9.6600</y>
		<y>-9.6500</y>
		<y>-9.6400</y>
		<y>-9.6300</y>
		<y>-9.6200</y>
		<y>-9.6100</y>
		<y>-9.6000</y>
		<y>-9.5900</y>
		<y>-9.5800</y>
		<y>-9.5700</y>
		<y>-9.5600</y>
		<y>-9.5500</y>
		<y>-9.5400</y>
		<y>-9.5300</y>
		<y>-9.5200</y>
		<y>-9.5100</y>
		<y>-9.5000</y>
		<y>-9.4900</y>
		<y>-9.4800</y>
		<y>-9.4700</y>
		<y>-9.4600</y>
		<y>-9.4500</y>
		<y>-9.4400</y>
		<y>-9.4300</y>
		<y>-9.4200</y>
		<y>-9.4100</y>
		<y>-9.4000</y>
		<y>-9.3900</y>
		<y>-9.3800</y>
		<y>-9.3700</y>
		<y>-9.3600</y>
		<y>-9.3500</y>
		<y>-9.3400</y>
		<y>-9.3300</y>
		<y>-9.3200</y>
		<y>-9.3100</y>
		<y>-9.3000</y>
		<y>-9.2900</y>
		<y>-9.2800</y>
		<y>-9.2700</y>
		<y>-9.2600</y>
		<y>-9.2500</y>
		<y>-9.2400</y>
		<y>-9.2300</y>
		<y>-9.2200</y>
		<y>-9.2100</y>
		<y>-9.2000</y>
		<y>-9.1900</y>
		<y>-9.1800</y>
		<y>-9.1700</y>
		<y>-9.1600</y>
		<y>-9.1500</y>
		<y>-9.1400</y>
		<y>-9.1300</y>
		<y>-9.1200</y>
		<y>-9.1100</y>
		<y>-9.1000</y>
		<y>-9.0900</y>
		<y>-9.0800</y>
		<y>-9.0700</y>
		<y>-9.0600</y>
		<y>-9.0500</y>
		<y>-9.0400</y>
		<y>-9.0300</y>
		<y>-9.0200</y>
		<y>-9.0100</y>
		<y>-9.0000</y>
		<y>-8.9900</y>
		<y>-8.9800</y>
		<y>-8.9700</y>
		<y>-8.9600</y>
		<y>-8.9500</y>
		<y>-8.9400</y>
		<y>-8.9300</y>
		<y>-8.9200</y>
		<y>-8.9100</y>
		<y>-8.9000</y>
		<y>-8.8900</y>
		<y>-8.8800</y>
		<y>-8.8700</y>
		<y>-8.8600</y>
		<y>-8.8500</y>
		<y>-8.8400</y>
		<y>-8.8300</y>
		<y>-8.8200</y>
		<y>-8.8100</y>
		<y>-8.8000</y>
		<y>-8.7900</y>
		<y>-8.7800</y>
		<y>-8.7700</y>
		<y>-8.7600</y>
		<y>-8.7500</y>
		<y>-8.7400</y>
		<y>-8.7300</y>
		<y>-8.7200</y>
		<y>-8.7100</y>
		<y>-8.7000</y>
		<y>-8.6900</y>
		<y>-8.6800</y>
		<y>-8.6700</y>
		<y>-8.6600</y>
		<y>-8.6500</y>
		<y>-8.6400</y>
		<y>-8.6300</y>
		<y>-8.6200</y>
		<y>-8.6100</y>
		<y>-8.6000</y>
		<y>-8.5900</y>
		<y>-8.5800</y>
		<y>-8.5700</y>
		<y>-8.5600</y>
		<y>-8.5500</y>
		<y>-8.5400</y>
		<y>-8.5300</y>
		<y>-8.5200</y>
		<y>-8.5100</y>
		<y>-8.5000</y>
		<y>-8.4900</y>
		<y>-8.4800</y>
		<y>-8.4700</y>
		<y>-8.4600</y>
		<y>-8.4500</y>
		<y>-8.4400</y>
		<y>-8.4300</y>
		<y>-8.4200</y>
		<y>-8.4100</y>
		<y>-8.4000</y>
		<y>-8.3900</y>
		<y>-8.3800</y>
		<y>-8.3700</y>
		<y>-8.3600</y>
		<y>-8.3500</y>
		<y>-8.3400</y>
		<y>-8.3300</y>
		<y>-8.3200</y>
		<y>-8.3100</y>
		<y>-8.3000</y>
		<y>-8.2900</y>
		<y>-8.2800</y>
		<y>-8.2700</y>
		<y>-8.2600</y>
		<y>-8.2500</y>
		<y>-8.2400</y>
		<y>-8.2300</y>
		<y>-8.2200</y>
		<y>-8.2100</y>
		<y>-8.2000</y>
		<y>-8.1900</y>
		<y>-8.1800</y>
		<y>-8.1700</y>
		<y>-8.1600</y>
		<y>-8.1500</y>
		<y>-8.1400</y>
		<y>-8.1300</y>
		<y>-8.1200</y>
		<y>-8.1100</y>
		<y>-8.1000</y>
		<y>-8.0900</y>
		<y>-8.0800</y>
		<y>-8.0700</y>
		<y>-8.0600</y>
		<y>-8.0500</y>
		<y>-8.0400</y>
		<y>-8.0300</y>
		<y>-8.0200</y>
		<y>-8.0100</y>
		<y>-8.0000</y>
		<y>-7.9900</y>
		<y>-7.9800</y>
		<y>-7.9700</y>
		<y>-7.9600</y>
		<y>-7.9500</y>
		<y>-7.9400</y>
		<y>-7.9300</y>
		<y>-7.9200</y>
		<y>-7.9100</y>
		<y>-7.9000</y>
		<y>-7.8900</y>
		<y>-7.8800</y>
		<y>-7.8700</y>
		<y>-7.8600</y>
		<y>-7.8500</y>
		<y>-7.8400</y>
		<y>-7.8300</y>
		<y>-7.8200</y>
		<y>-7.8100</y>
		<y>-7.8000</y>
		<y>-7.7900</y>
		<y>-7.7800</y>
		<y>-7.7700</y>
		<y>-7.7600</y>
		<y>-7.7500</y>
		<y>-7.7400</y>
		<y>-7.7300</y>
		<y>-7.7200</y>
		<y>-7.7100</y>
		<y>-7.7000</y>
		<y>-7.6900</y>
		<y>-7.6800</y>
		<y>-7.6700</y>
		<y>-7.6600</y>
		<y>-7.6500</y>
		<y>-7.6400</y>
		<y>-7.6300</y>
		<y>-7.6200</y>
		<y>-7.6100</y>
		<y>-7.6000</y>
		<y>-7.5900</y>
		<y>-7.5800</y>
		<y>-7.5700</y>
		<y>-7.5600</y>
		<y>-7.5500</y>
		<y>-7.5400</y>
		<y>-7.5300</y>
		<y>-7.5200</y>
		<y>-7.5100</y>
		<y>-7.5000</y>
		<y>-7.4900</y>
		<y>-7.4800</y>
		<y>-7.4700</y>
		<y>-7.4600</y>
		<y>-7.4500</y>
		<y>-7.4400</y>
		<y>-7.4300</y>
		<y>-7.4200</y>
		<y>-7.4100</y>
		<y>-7.4000</y>
		<y>-7.3900</y>
		<y>-7.3800</y>
		<y>-7.3700</y>
		<y>-7.3600</y>
		<y>-7.3500</y>
		<y>-7.3400</y>
		<y>-7.3300</y>
		<y>-7.3200</y>
		<y>-7.3100</y>
		<y>-7.3000</y>
		<y>-7.2900</y>
		<y>-7.2800</y>
		<y>-7.2700</y>
		<y>-7.2600</y>
		<y>-7.2500</y>
		<y>-7.2400</y>
		<y>-7.2300</y>
		<y>-7.2200</y>
		<y>-7.2100</y>
		<y>-7.2000</y>
		<y>-7.1900</y>
		<y>-7.1800</y>
		<y>-7.1700</y>
		<y>-7.1600</y>
		<y>-7.1500</y>
		<y>-7.1400</y>
		<y>-7.1300</y>
		<y>-7.1200</y>
		<y>-7.1100</y>
		<y>-7.1000</y>
		<y>-7.0900</y>
		<y>-7.0800</y>
		<y>-7.0700</y>
		<y>-7.0600</y>
		<y>-7.0500</y>
		<y>-7.0400</y>
		<y>-7.0300</y>
		<y>-7.0200</y>
		<y>-7.0100</y>
		<y>-7.0000</y>
		<y>-6.9900</y>
		<y>-6.9800</y>
		<y>-6.9700</y>
		<y>-6.9600</y>
		<y>-6.9500</y>
		<y>-6.9400</y>
		<y>-6.9300</y>
		<y>-6.9200</y>
		<y>-6.9100</y>
		<y>-6.9000</y>
		<y>-6.8900</y>
		<y>-6.8800</y>
		<y>-6.8700</y>
		<y>-6.8600</y>
		<y>-6.8500</y>
		<y>-6.8400</y>
		<y>-6.8300</y>
		<y>-6.8200</y>
		<y>-6.8100</y>
		<y>-6.8000</y>
		<y>-6.7900</y>
		<y>-6.7800</y>
		<y>-6.7700</y>
		<y>-6.7600</y>
		<y>-6.7500</y>
		<y>-6.7400</y>
		<y>-6.7300</y>
		<y>-6.7200</y>
		<y>-6.7100</y>
		<y>-6.7000</y>
		<y>-6.6900</y>
		<y>-6.6800</y>
		<y>-6.6700</y>
		<y>-6.6600</y>
		<y>-6.6500</y>
		<y>-6.6400</y>
		<y>-6.6300</y>
		<y>-6.6200</y>
		<y>-6.6100</y>
		<y>-6.6000</y>
		<y>-6.5900</y>
		<y>-6.5800</y>
		<y>-6.5700</y>
		<y>-6.5600</y>
		<y>-6.5500</y>
		<y>-6.5400</y>
		<y>-6.5300</y>
		<y>-6.5200</y>
		<y>-6.5100</y>
		<y>-6.5000</y>
		<y>-6.4900</y>
		<y>-6.4800</y>
		<y>-6.4700</y>
		<y>-6.4600</y>
		<y>-6.4500</y>
		<y>-6.4400</y>
		<y>-6.4300</y>
		<y>-6.4200</y>
		<y>-6.4100</y>
		<y>-6.4000</y>
		<y>-6.3900</y>
		<y>-6.3800</y>
		<y>-6.3700</y>
		<y>-6.3600</y>
		<y>-6.3500</y>
		<y>-6.3400</y>
		<y>-6.3300</y>
		<y>-6.3200</y>
		<y>-6.3100</y>
		<y>-6.3000</y>
		<y>-6.2900</y>
		<y>-6.2800</y>
		<y>-6.2700</y>
		<y>-6.2600</y>
		<y>-6.2500</y>
		<y>-6.2400</y>
		<y>-6.2300</y>
		<y>-6.2200</y>
		<y>-6.2100</y>
		<y>-6.2000</y>
		<y>-6.1900</y>
		<y>-6.1800</y>
		<y>-6.1700</y>
		<y>-6.1600</y>
		<y>-6.1500</y>
		<y>-6.1400</y>
		<y>-6.1300</y>
		<y>-6.1200</y>
		<y>-6.1100</y>
		<y>-6.1000</y>
		<y>-6.0900</y>
		<y>-6.0800</y>
		<y>-6.0700</y>
		<y>-6.0600</y>
		<y>-6.0500</y>
		<y>-6.0400</y>
		<y>-6.0300</y>
		<y>-6.0200</y>
		<y>-6.0100</y>
		<y>-6.0000</y>
		<y>-5.9900</y>
		<y>-5.9800</y>
		<y>-5.9700</y>
		<y>-5.9600</y>
		<y>-5.9500</y>
		<y>-5.9400</y>
		<y>-5.9300</y>
		<y>-5.9200</y>
		<y>-5.9100</y>
		<y>-5.9000</y>
		<y>-5.8900</y>
		<y>-5.8800</y>
		<y>-5.8700</y>
		<y>-5.8600</y>
		<y>-5.8500</y>
		<y>-5.8400</y>
		<y>-5.8300</y>
		<y>-5.8200</y>
		<y>-5.8100</y>
		<y>-5.8000</y>
		<y>-5.7900</y>
		<y>-5.7800</y>
		<y>-5.7700</y>
		<y>-5.7600</y>
		<y>-5.7500</y>
		<y>-5.7400</y>
		<y>-5.7300</y>
		<y>-5.7200</y>
		<y>-5.7100</y>
		<y>-5.7000</y>
		<y>-5.6900</y>
		<y>-5.6800</y>
		<y>-5.6700</y>
		<y>-5.6600</y>
		<y>-5.6500</y>
		<y>-5.6400</y>
		<y>-5.6300</y>
		<y>-5.6200</y>
		<y>-5.6100</y>
		<y>-5.6000</y>
		<y>-5.5900</y>
		<y>-5.5800</y>
		<y>-5.5700</y>
		<y>-5.5600</y>
		<y>-5.5500</y>
		<y>-5.5400</y>
		<y>-5.5300</y>
		<y>-5.5200</y>
		<y>-5.5100</y>
		<y>-5.5000</y>
		<y>-5.4900</y>
		<y>-5.4800</y>
		<y>-5.4700</y>
		<y>-5.4600</y>
		<y>-5.4500</y>
		<y>-5.4400</y>
		<y>-5.4300</y>
		<y>-5.4200</y>
		<y>-5.4100</y>
		<y>-5.4000</y>
		<y>-5.3900</y>
		<y>-5.3800</y>
		<y>-5.3700</y>
		<y>-5.3600</y>
		<y>-5.3500</y>
		<y>-5.3400</y>
		<y>-5.3300</y>
		<y>-5.3200</y>
		<y>-5.3100</y>
		<y>-5.3000</y>
		<y>-5.2900</y>
		<y>-5.2800</y>
		<y>-5.2700</y>
		<y>-5.2600</y>
		<y>-5.2500</y>
		<y>-5.2400</y>
		<y>-5.2300</y>
		<y>-5.2200</y>
		<y>-5.2100</y>
		<y>-5.2000</y>
		<y>-5.1900</y>
		<y>-5.1800</y>
		<y>-5.1700</y>
		<y>-5.1600</y>
		<y>-5.1500</y>
		<y>-5.1400</y>
		<y>-5.1300</y>
		<y>-5.1200</y>
		<y>-5.1100</y>
		<y>-5.1000</y>
		<y>-5.0900</y>
		<y>-5.0800</y>
		<y>-5.0700</y>
		<y>-5.0600</y>
		<y>-5.0500</y>
		<y>-5.0400</y>
		<y>-5.0300</y>
		<y>-5.0200</y>
		<y>-5.0100</y>
		<y>-5.0000</y>
		<y>-4.9900</y>
		<y>-4.9800</y>
		<y>-4.9700</y>
		<y>-4.9600</y>
		<y>-4.9500</y>
		<y>-4.9400</y>
		<y>-4.9300</y>
		<y>-4.9200</y>
		<y>-4.9100</y>
		<y>-4.9000</y>
		<y>-4.8900</y>
		<y>-4.8800</y>
		<y>-4.8700</y>
		<y>-4.8600</y>
		<y>-4.8500</y>
		<y>-4.8400</y>
		<y>-4.8300</y>
		<y>-4.8200</y>
		<y>-4.8100</y>
		<y>-4.8000</y>
		<y>-4.7900</y>
		<y>-4.7800</y>
		<y>-4.7700</y>
		<y>-4.7600</y>
		<y>-4.7500</y>
		<y>-4.7400</y>
		<y>-4.7300</y>
		<y>-4.7200</y>
		<y>-4.7100</y>
		<y>-4.7000</y>
		<y>-4.6900</y>
		<y>-4.6800</y>
		<y>-4.6700</y>
		<y>-4.6600</y>
		<y>-4.6500</y>
		<y>-4.6400</y>
		<y>-4.6300</y>
		<y>-4.6200</y>
		<y>-4.6100</y>
		<y>-4.6000</y>
		<y>-4.5900</y>
		<y>-4.5800</y>
		<y>-4.5700</y>
		<y>-4.5600</y>
		<y>-4.5500</y>
		<y>-4.5400</y>
		<y>-4.5300</y>
		<y>-4.5200</y>
		<y>-4.5100</y>
		<y>-4.5000</y>
		<y>-4.4900</y>
		<y>-4.4800</y>
		<y>-4.4700</y>
		<y>-4.4600</y>
		<y>-4.4500</y>
		<y>-4.4400</y>
		<y>-4.4300</y>
		<y>-4.4200</y>
		<y>-4.4100</y>
		<y>-4.4000</y>
		<y>-4.3900</y>
		<y>-4.3800</y>
		<y>-4.3700</y>
		<y>-4.3600</y>
		<y>-4.3500</y>
		<y>-4.3400</y>
		<y>-4.3300</y>
		<y>-4.3200</y>
		<y>-4.3100</y>
		<y>-4.3000</y>
		<y>-4.2900</y>
		<y>-4.2800</y>
		<y>-4.2700</y>
		<y>-4.2600</y>
		<y>-4.2500</y>
		<y>-4.2400</y>
		<y>-4.2300</y>
		<y>-4.2200</y>
		<y>-4.2100</y>
		<y>-4.2000</y>
		<y>-4.1900</y>
		<y>-4.1800</y>
		<y>-4.1700</y>
		<y>-4.1600</y>
		<y>-4.1500</y>
		<y>-4.1400</y>
		<y>-4.1300</y>
		<y>-4.1200</y>
		<y>-4.1100</y>
		<y>-4.1000</y>
		<y>-4.0900</y>
		<y>-4.0800</y>
		<y>-4.0700</y>
		<y>-4.0600</y>
		<y>-4.0500</y>
		<y>-4.0400</y>
		<y>-4.0300</y>
		<y>-4.0200</y>
		<y>-4.0100</y>
		<y>-4.0000</y>
		<y>-3.9900</y>
		<y>-3.9800</y>
		<y>-3.9700</y>
		<y>-3.9600</y>
		<y>-3.9500</y>
		<y>-3.9400</y>
		<y>-3.9300</y>
		<y>-3.9200</y>
		<y>-3.9100</y>
		<y>-3.9000</y>
		<y>-3.8900</y>
		<y>-3.8800</y>
		<y>-3.8700</y>
		<y>-3.8600</y>
		<y>-3.8500</y>
		<y>-3.8400</y>
		<y>-3.8300</y>
		<y>-3.8200</y>
		<y>-3.8100</y>
		<y>-3.8000</y>
		<y>-3.7900</y>
		<y>-3.7800</y>
		<y>-3.7700</y>
		<y>-3.7600</y>
		<y>-3.7500</y>
		<y>-3.7400</y>
		<y>-3.7300</y>
		<y>-3.7200</y>
		<y>-3.7100</y>
		<y>-3.7000</y>
		<y>-3.6900</y>
		<y>-3.6800</y>
		<y>-3.6700</y>
		<y>-3.6600</y>
		<y>-3.6500</y>
		<y>-3.6400</y>
		<y>-3.6300</y>
		<y>-3.6200</y>
		<y>-3.6100</y>
		<y>-3.6000</y>
		<y>-3.5900</y>
		<y>-3.5800</y>
		<y>-3.5700</y>
		<y>-3.5600</y>
		<y>-3.5500</y>
		<y>-3.5400</y>
		<y>-3.5300</y>
		<y>-3.5200</y>
		<y>-3.5100</y>
		<y>-3.5000</y>
		<y>-3.4900</y>
		<y>-3.4800</y>
		<y>-3.4700</y>
		<y>-3.4600</y>
		<y>-3.4500</y>
		<y>-3.4400</y>
		<y>-3.4300</y>
		<y>-3.4200</y>
		<y>-3.4100</y>
		<y>-3.4000</y>
		<y>-3.3900</y>
		<y>-3.3800</y>
		<y>-3.3700</y>
		<y>-3.3600</y>
		<y>-3.3500</y>
		<y>-3.3400</y>
		<y>-3.3300</y>
		<y>-3.3200</y>
		<y>-3.3100</y>
		<y>-3.3000</y>
		<y>-3.2900</y>
		<y>-3.2800</y>
		<y>-3.2700</y>
		<y>-3.2600</y>
		<y>-3.2500</y>
		<y>-3.2400</y>
		<y>-3.2300</y>
		<y>-3.2200</y>
		<y>-3.2100</y>
		<y>-3.2000</y>
		<y>-3.1900</y>
		<y>-3.1800</y>
		<y>-3.1700</y>
		<y>-3.1600</y>
		<y>-3.1500</y>
		<y>-3.1400</y>
		<y>-3.1300</y>
		<y>-3.1200</y>
		<y>-3.1100</y>
		<y>-3.1000</y>
		<y>-3.0900</y>
		<y>-3.0800</y>
		<y>-3.0700</y>
		<y>-3.0600</y>
		<y>-3.0500</y>
		<y>-3.0400</y>
		<y>-3.0300</y>
		<y>-3.0200</y>
		<y>-3.0100</y>
		<y>-3.0000</y>
		<y>-2.9900</y>
		<y>-2.9800</y>
		<y>-2.9700</y>
		<y>-2.9600</y>
		<y>-2.9500</y>
		<y>-2.9400</y>
		<y>-2.9300</y>
		<y>-2.9200</y>
		<y>-2.9100</y>
		<y>-2.9000</y>
		<y>-2.8900</y>
		<y>-2.8800</y>
		<y>-2.8700</y>
		<y>-2.8600</y>
		<y>-2.8500</y>
		<y>-2.8400</y>
		<y>-2.8300</y>
		<y>-2.8200</y>
		<y>-2.8100</y>
		<y>-2.8000</y>
		<y>-2.7900</y>
		<y>-2.7800</y>
		<y>-2.7700</y>
		<y>-2.7600</y>
		<y>-2.7500</y>
		<y>-2.7400</y>
		<y>-2.7300</y>
		<y>-2.7200</y>
		<y>-2.7100</y>
		<y>-2.7000</y>
		<y>-2.6900</y>
		<y>-2.6800</y>
		<y>-2.6700</y>
		<y>-2.6600</y>
		<y>-2.6500</y>
		<y>-2.6400</y>
		<y>-2.6300</y>
		<y>-2.6200</y>
		<y>-2.6100</y>
		<y>-2.6000</y>
		<y>-2.5900</y>
		<y>-2.5800</y>
		<y>-2.5700</y>
		<y>-2.5600</y>
		<y>-2.5500</y>
		<y>-2.5400</y>
		<y>-2.5300</y>
		<y>-2.5200</y>
		<y>-2.5100</y>
		<y>-2.5000</y>
		<y>-2.4900</y>
		<y>-2.4800</y>
		<y>-2.4700</y>
		<y>-2.4600</y>
		<y>-2.4500</y>
		<y>-2.4400</y>
		<y>-2.4300</y>
		<y>-2.4200</y>
		<y>-2.4100</y>
		<y>-2.4000</y>
		<y>-2.3900</y>
		<y>-2.3800</y>
		<y>-2.3700</y>
		<y>-2.3600</y>
		<y>-2.3500</y>
		<y>-2.3400</y>
		<y>-2.3300</y>
		<y>-2.3200</y>
		<y>-2.3100</y>
		<y>-2.3000</y>
		<y>-2.2900</y>
		<y>-2.2800</y>
		<y>-2.2700</y>
		<y>-2.2600</y>
		<y>-2.2500</y>
		<y>-2.2400</y>
		<y>-2.2300</y>
		<y>-2.2200</y>
		<y>-2.2100</y>
		<y>-2.2000</y>
		<y>-2.1900</y>
		<y>-2.1800</y>
		<y>-2.1700</y>
		<y>-2.1600</y>
		<y>-2.1500</y>
		<y>-2.1400</y>
		<y>-2.1300</y>
		<y>-2.1200</y>
		<y>-2.1100</y>
		<y>-2.1000</y>
		<y>-2.0900</y>
		<y>-2.0800</y>
		<y>-2.0700</y>
		<y>-2.0600</y>
		<y>-2.0500</y>
		<y>-2.0400</y>
		<y>-2.0300</y>
		<y>-2.0200</y>
		<y>-2.0100</y>
		<y>-2.0000</y>
		<y>-1.9900</y>
		<y>-1.9800</y>
		<y>-1.9700</y>
		<y>-1.9600</y>
		<y>-1.9500</y>
		<y>-1.9400</y>
		<y>-1.9300</y>
		<y>-1.9200</y>
		<y>-1.9100</y>
		<y>-1.9000</y>
		<y>-1.8900</y>
		<y>-1.8800</y>
		<y>-1.8700</y>
		<y>-1.8600</y>
		<y>-1.8500</y>
		<y>-1.8400</y>
		<y>-1.8300</y>
		<y>-1.8200</y>
		<y>-1.8100</y>
		<y>-1.8000</y>
		<y>-1.7900</y>
		<y>-1.7800</y>
		<y>-1.7700</y>
		<y>-1.7600</y>
		<y>-1.7500</y>
		<y>-1.7400</y>
		<y>-1.7300</y>
		<y>-1.7200</y>
		<y>-1.7100</y>
		<y>-1.7000</y>
		<y>-1.6900</y>
		<y>-1.6800</y>
		<y>-1.6700</y>
		<y>-1.6600</y>
		<y>-1.6500</y>
		<y>-1.6400</y>
		<y>-1.6300</y>
		<y>-1.6200</y>
		<y>-1.6100</y>
		<y>-1.6000</y>
		<y>-1.5900</y>
		<y>-1.5800</y>
		<y>-1.5700</y>
		<y>-1.5600</y>
		<y>-1.5500</y>
		<y>-1.5400</y>
		<y>-1.5300</y>
		<y>-1.5200</y>
		<y>-1.5100</y>
		<y>-1.5000</y>
		<y>-1.4900</y>
		<y>-1.4800</y>
		<y>-1.4700</y>
		<y>-1.4600</y>
		<y>-1.4500</y>
		<y>-1.4400</y>
		<y>-1.4300</y>
		<y>-1.4200</y>
		<y>-1.4100</y>
		<y>-1.4000</y>
		<y>-1.3900</y>
		<y>-1.3800</y>
		<y>-1.3700</y>
		<y>-1.3600</y>
		<y>-1.3500</y>
		<y>-1.3400</y>
		<y>-1.3300</y>
		<y>-1.3200</y>
		<y>-1.3100</y>
		<y>-1.3000</y>
		<y>-1.2900</y>
		<y>-1.2800</y>
		<y>-1.2700</y>
		<y>-1.2600</y>
		<y>-1.2500</y>
		<y>-1.2400</y>
		<y>-1.2300</y>
		<y>-1.2200</y>
		<y>-1.2100</y>
		<y>-1.2000</y>
		<y>-1.1900</y>
		<y>-1.1800</y>
		<y>-1.1700</y>
		<y>-1.1600</y>
		<y>-1.1500</y>
		<y>-1.1400</y>
		<y>-1.1300</y>
		<y>-1.1200</y>
		<y>-1.1100</y>
		<y>-1.1000</y>
		<y>-1.0900</y>
		<y>-1.0800</y>
		<y>-1.0700</y>
		<y>-1.0600</y>
		<y>-1.0500</y>
		<y>-1.0400</y>
		<y>-1.0300</y>
		<y>-1.0200</y>
		<y>-1.0100</y>
		<y>-1.0000</y>
		<y>-0.9900</y>
		<y>-0.9800</y>
		<y>-0.9700</y>
		<y>-0.9600</y>
		<y>-0.9500</y>
		<y>-0.9400</y>
		<y>-0.9300</y>
		<y>-0.9200</y>
		<y>-0.9100</y>
		<y>-0.9000</y>
		<y>-0.8900</y>
		<y>-0.8800</y>
		<y>-0.8700</y>
		<y>-0.8600</y>
		<y>-0.8500</y>
		<y>-0.8400</y>
		<y>-0.8300</y>
		<y>-0.8200</y>
		<y>-0.8100</y>
		<y>-0.8000</y>
		<y>-0.7900</y>
		<y>-0.7800</y>
		<y>-0.7700</y>
		<y>-0.7600</y>
		<y>-0.7500</y>
		<y>-0.7400</y>
		<y>-0.7300</y>
		<y>-0.7200</y>
		<y>-0.7100</y>
		<y>-0.7000</y>
		<y>-0.6900</y>
		<y>-0.6800</y>
		<y>-0.6700</y>
		<y>-0.6600</y>
		<y>-0.6500</y>
		<y>-0.6400</y>
		<y>-0.6300</y>
		<y>-0.6200</y>
		<y>-0.6100</y>
		<y>-0.6000</y>
		<y>-0.5900</y>
		<y>-0.5800</y>
		<y>-0.5700</y>
		<y>-0.5600</y>
		<y>-0.5500</y>
		<y>-0.5400</y>
		<y>-0.5300</y>
		<y>-0.5200</y>
		<y>-0.5100</y>
		<y>-0.5000</y>
		<y>-0.4900</y>
		<y>-0.4800</y>
		<y>-0.4700</y>
		<y>-0.4600</y>
		<y>-0.4500</y>
		<y>-0.4400</y>
		<y>-0.4300</y>
		<y>-0.4200</y>
		<y>-0.4100</y>
		<y>-0.4000</y>
		<y>-0.3900</y>
		<y>-0.3800</y>
		<y>-0.3700</y>
		<y>-0.3600</y>
		<y>-0.3500</y>
		<y>-0.3400</y>
		<y>-0.3300</y>
		<y>-0.3200</y>
		<y>-0.3100</y>
		<y>-0.3000</y>
		<y>-0.2900</y>
		<y>-0.2800</y>
		<y>-0.2700</y>
		<y>-0.2600</y>
		<y>-0.2500</y>
		<y>-0.2400</y>
		<y>-0.2300</y>
		<y>-0.2200</y>
		<y>-0.2100</y>
		<y>-0.2000</y>
		<y>-0.1900</y>
		<y>-0.1800</y>
		<y>-0.1700</y>
		<y>-0.1600</y>
		<y>-0.1500</y>
		<y>-0.1400</y>
		<y>-0.1300</y>
		<y>-0.1200</y>
		<y>-0.1100</y>
		<y>-0.1000</y>
		<y>-0.0900</y>
		<y>-0.0800</y>
		<y>-0.0700</y>
		<y>-0.0600</y>
		<y>-0.0500</y>
		<y>-0.0400</y>
		<y>-0.0300</y>
		<y>-0.0200</y>
		<y>-0.0100</y>
		<y>-0.0000</y>
		<y>0.0100</y>
		<y>0.0200</y>
		<y>0.0300</y>
		<y>0.0400</y>
		<y>0.0500</y>
		<y>0.0600</y>
		<y>0.0700</y>
		<y>0.0800</y>
		<y>0.0900</y>
		<y>0.1000</y>
		<y>0.1100</y>
		<y>0.1200</y>
		<y>0.1300</y>
		<y>0.1400</y>
		<y>0.1500</y>
		<y>0.1600</y>
		<y>0.1700</y>
		<y>0.1800</y>
		<y>0.1900</y>
		<y>0.2000</y>
		<y>0.2100</y>
		<y>0.2200</y>
		<y>0.2300</y>
		<y>0.2400</y>
		<y>0.2500</y>
		<y>0.2600</y>
		<y>0.2700</y>
		<y>0.2800</y>
		<y>0.2900</y>
		<y>0.3000</y>
		<y>0.3100</y>
		<y>0.3200</y>
		<y>0.3300</y>
		<y>0.3400</y>
		<y>0.3500</y>
		<y>0.3600</y>
		<y>0.3700</y>
		<y>0.3800</y>
		<y>0.3900</y>
		<y>0.4000</y>
		<y>0.4100</y>
		<y>0.4200</y>
		<y>0.4300</y>
		<y>0.4400</y>
		<y>0.4500</y>
		<y>0.4600</y>
		<y>0.4700</y>
		<y>0.4800</y>
		<y>0.4900</y>
		<y>0.5000</y>
		<y>0.5100</y>
		<y>0.5200</y>
		<y>0.5300</y>
		<y>0.5400</y>
		<y>0.5500</y>
		<y>0.5600</y>
		<y>0.5700</y>
		<y>0.5800</y>
		<y>0.5900</y>
		<y>0.6000</y>
		<y>0.6100</y>
		<y>0.6200</y>
		<y>0.6300</y>
		<y>0.6400</y>
		<y>0.6500</y>
		<y>0.6600</y>
		<y>0.6700</y>
		<y>0.6800</y>
		<y>0.6900</y>
		<y>0.7000</y>
		<y>0.7100</y>
		<y>0.7200</y>
		<y>0.7300</y>
		<y>0.7400</y>
		<y>0.7500</y>
		<y>0.7600</y>
		<y>0.7700</y>
		<y>0.7800</y>
		<y>0.7900</y>
		<y>0.8000</y>
		<y>0.8100</y>
		<y>0.8200</y>
		<y>0.8300</y>
		<y>0.8400</y>
		<y>0.8500</y>
		<y>0.8600</y>
		<y>0.8700</y>
		<y>0.8800</y>
		<y>0.8900</y>
		<y>0.9000</y>
		<y>0.9100</y>
		<y>0.9200</y>
		<y>0.9300</y>
		<y>0.9400</y>
		<y>0.9500</y>
		<y>0.9600</y>
		<y>0.9700</y>
		<y>0.9800</y>
		<y>0.9900</y>
		<y>1.0000</y>
		<y>1.0100</y>
		<y>1.0200</y>
		<y>1.0300</y>
		<y>1.0400</y>
		<y>1.0500</y>
		<y>1.0600</y>
		<y>1.0700</y>
		<y>1.0800</y>
		<y>1.0900</y>
		<y>1.1000</y>
		<y>1.1100</y>
		<y>1.1200</y>
		<y>1.1300</y>
		<y>1.1400</y>
		<y>1.1500</y>
		<y>1.1600</y>
		<y>1.1700</y>
		<y>1.1800</y>
		<y>1.1900</y>
		<y>1.2000</y>
		<y>1.2100</y>
		<y>1.2200</y>
		<y>1.2300</y>
		<y>1.2400</y>
		<y>1.2500</y>
		<y>1.2600</y>
		<y>1.2700</y>
		<y>1.2800</y>
		<y>1.2900</y>
		<y>1.3000</y>
		<y>1.3100</y>
		<y>1.3200</y>
		<y>1.3300</y>
		<y>1.3400</y>
		<y>1.3500</y>
		<y>1.3600</y>
		<y>1.3700</y>
		<y>1.3800</y>
		<y>1.3900</y>
		<y>1.4000</y>
		<y>1.4100</y>
		<y>1.4200</y>
		<y>1.4300</y>
		<y>1.4400</y>
		<y>1.4500</y>
		<y>1.4600</y>
		<y>1.4700</y>
		<y>1.4800</y>
		<y>1.4900</y>
		<y>1.5000</y>
		<y>1.5100</y>
		<y>1.5200</y>
		<y>1.5300</y>
		<y>1.5400</y>
		<y>1.5500</y>
		<y>1.5600</y>
		<y>1.5700</y>
		<y>1.5800</y>
		<y>1.5900</y>
		<y>1.6000</y>
		<y>1.6100</y>
		<y>1.6200</y>
		<y>1.6300</y>
		<y>1.6400</y>
		<y>1.6500</y>
		<y>1.6600</y>
		<y>1.6700</y>
		<y>1.6800</y>
		<y>1.6900</y>
		<y>1.7000</y>
		<y>1.7100</y>
		<y>1.7200</y>
		<y>1.7300</y>
		<y>1.7400</y>
		<y>1.7500</y>
		<y>1.7600</y>
		<y>1.7700</y>
		<y>1.7800</y>
		<y>1.7900</y>
		<y>1.8000</y>
		<y>1.8100</y>
		<y>1.8200</y>
		<y>1.8300</y>
		<y>1.8400</y>
		<y>1.8500</y>
		<y>1.8600</y>
		<y>1.8700</y>
		<y>1.8800</y>
		<y>1.8900</y>
		<y>1.9000</y>
		<y>1.9100</y>
		<y>1.9200</y>
		<y>1.9300</y>
		<y>1.9400</y>
		<y>1.9500</y>
		<y>1.9600</y>
		<y>1.9700</y>
		<y>1.9800</y>
		<y>1.9900</y>
		<y>2.0000</y>
		<y>2.0100</y>
		<y>2.0200</y>
		<y>2.0300</y>
		<y>2.0400</y>
		<y>2.0500</y>
		<y>2.0600</y>
		<y>2.0700</y>
		<y>2.0800</y>
		<y>2.0900</y>
		<y>2.1000</y>
		<y>2.1100</y>
		<y>2.1200</y>
		<y>2.1300</y>
		<y>2.1400</y>
		<y>2.1500</y>
		<y>2.1600</y>
		<y>2.1700</y>
		<y>2.1800</y>
		<y>2.1900</y>
		<y>2.2000</y>
		<y>2.2100</y>
		<y>2.2200</y>
		<y>2.2300</y>
		<y>2.2400</y>
		<y>2.2500</y>
		<y>2.2600</y>
		<y>2.2700</y>
		<y>2.2800</y>
		<y>2.2900</y>
		<y>2.3000</y>
		<y>2.3100</y>
		<y>2.3200</y>
		<y>2.3300</y>
		<y>2.3400</y>
		<y>2.3500</y>
		<y>2.3600</y>
		<y>2.3700</y>
		<y>2.3800</y>
		<y>2.3900</y>
		<y>2.4000</y>
		<y>2.4100</y>
		<y>2.4200</y>
		<y>2.4300</y>
		<y>2.4400</y>
		<y>2.4500</y>
		<y>2.4600</y>
		<y>2.4700</y>
		<y>2.4800</y>
		<y>2.4900</y>
		<y>2.5000</y>
		<y>2.5100</y>
		<y>2.5200</y>
		<y>2.5300</y>
		<y>2.5400</y>
		<y>2.5500</y>
		<y>2.5600</y>
		<y>2.5700</y>
		<y>2.5800</y>
		<y>2.5900</y>
		<y>2.6000</y>
		<y>2.6100</y>
		<y>2.6200</y>
		<y>2.6300</y>
		<y>2.6400</y>
		<y>2.6500</y>
		<y>2.6600</y>
		<y>2.6700</y>
		<y>2.6800</y>
		<y>2.6900</y>
		<y>2.7000</y>
		<y>2.7100</y>
		<y>2.7200</y>
		<y>2.7300</y>
		<y>2.7400</y>
		<y>2.7500</y>
		<y>2.7600</y>
		<y>2.7700</y>
		<y>2.7800</y>
		<y>2.7900</y>
		<y>2.8000</y>
		<y>2.8100</y>
		<y>2.8200</y>
		<y>2.8300</y>
		<y>2.8400</y>
		<y>2.8500</y>
		<y>2.8600</y>
		<y>2.8700</y>
		<y>2.8800</y>
		<y>2.8900</y>
		<y>2.9000</y>
		<y>2.9100</y>
		<y>2.9200</y>
		<y>2.9300</y>
		<y>2.9400</y>
		<y>2.9500</y>
		<y>2.9600</y>
		<y>2.9700</y>
		<y>2.9800</y>
		<y>2.9900</y>
		<y>3.0000</y>
		<y>3.0100</y>
		<y>3.0200</y>
		<y>3.0300</y>
		<y>3.0400</y>
		<y>3.0500</y>
		<y>3.0600</y>
		<y>3.0700</y>
		<y>3.0800</y>
		<y>3.0900</y>
		<y>3.1000</y>
		<y>3.1100</y>
		<y>3.1200</y>
		<y>3.1300</y>
		<y>3.1400</y>
		<y>3.1500</y>
		<y>3.1600</y>
		<y>3.1700</y>
		<y>3.1800</y>
		<y>3.1900</y>
		<y>3.2000</y>
		<y>3.2100</y>
		<y>3.2200</y>
		<y>3.2300</y>
		<y>3.2400</y>
		<y>3.2500</y>
		<y>3.2600</y>
		<y>3.2700</y>
		<y>3.2800</y>
		<y>3.2900</y>
		<y>3.3000</y>
		<y>3.3100</y>
		<y>3.3200</y>
		<y>3.3300</y>
		<y>3.3400</y>
		<y>3.3500</y>
		<y>3.3600</y>
		<y>3.3700</y>
		<y>3.3800</y>
		<y>3.3900</y>
		<y>3.4000</y>
		<y>3.4100</y>
		<y>3.4200</y>
		<y>3.4300</y>
		<y>3.4400</y>
		<y>3.4500</y>
		<y>3.4600</y>
		<y>3.4700</y>
		<y>3.4800</y>
		<y>3.4900</y>
		<y>3.5000</y>
		<y>3.5100</y>
		<y>3.5200</y>
		<y>3.5300</y>
		<y>3.5400</y>
		<y>3.5500</y>
		<y>3.5600</y>
		<y>3.5700</y>
		<y>3.5800</y>
		<y>3.5900</y>
		<y>3.6000</y>
		<y>3.6100</y>
		<y>3.6200</y>
		<y>3.6300</y>
		<y>3.6400</y>
		<y>3.6500</y>
		<y>3.6600</y>
		<y>3.6700</y>
		<y>3.6800</y>
		<y>3.6900</y>
		<y>3.7000</y>
		<y>3.7100</y>
		<y>3.7200</y>
		<y>3.7300</y>
		<y>3.7400</y>
		<y>3.7500</y>
		<y>3.7600</y>
		<y>3.7700</y>
		<y>3.7800</y>
		<y>3.7900</y>
		<y>3.8000</y>
		<y>3.8100</y>
		<y>3.8200</y>
		<y>3.8300</y>
		<y>3.8400</y>
		<y>3.8500</y>
		<y>3.8600</y>
		<y>3.8700</y>
		<y>3.8800</y>
		<y>3.8900</y>
		<y>3.9000</y>
		<y>3.9100</y>
		<y>3.9200</y>
		<y>3.9300</y>
		<y>3.9400</y>
		<y>3.9500</y>
		<y>3.9600</y>
		<y>3.9700</y>
		<y>3.9800</y>
		<y>3.9900</y>
		<y>4.0000</y>
		<y>4.0100</y>
		<y>4.0200</y>
		<y>4.0300</y>
		<y>4.0400</y>
		<y>4.0500</y>
		<y>4.0600</y>
		<y>4.0700</y>
		<y>4.0800</y>
		<y>4.0900</y>
		<y>4.1000</y>
		<y>4.1100</y>
		<y>4.1200</y>
		<y>4.1300</y>
		<y>4.1400</y>
		<y>4.1500</y>
		<y>4.1600</y>
		<y>4.1700</y>
		<y>4.1800</y>
		<y>4.1900</y>
		<y>4.2000</y>
		<y>4.2100</y>
		<y>4.2200</y>
		<y>4.2300</y>
		<y>4.2400</y>
		<y>4.2500</y>
		<y>4.2600</y>
		<y>4.2700</y>
		<y>4.2800</y>
		<y>4.2900</y>
		<y>4.3000</y>
		<y>4.3100</y>
		<y>4.3200</y>
		<y>4.3300</y>
		<y>4.3400</y>
		<y>4.3500</y>
		<y>4.3600</y>
		<y>4.3700</y>
		<y>4.3800</y>
		<y>4.3900</y>
		<y>4.4000</y>
		<y>4.4100</y>
		<y>4.4200</y>
		<y>4.4300</y>
		<y>4.4400</y>
		<y>4.4500</y>
		<y>4.4600</y>
		<y>4.4700</y>
		<y>4.4800</y>
		<y>4.4900</y>
		<y>4.5000</y>
		<y>4.5100</y>
		<y>4.5200</y>
		<y>4.5300</y>
		<y>4.5400</y>
		<y>4.5500</y>
		<y>4.5600</y>
		<y>4.5700</y>
		<y>4.5800</y>
		<y>4.5900</y>
		<y>4.6000</y>
		<y>4.6100</y>
		<y>4.6200</y>
		<y>4.6300</y>
		<y>4.6400</y>
		<y>4.6500</y>
		<y>4.6600</y>
		<y>4.6700</y>
		<y>4.6800</y>
		<y>4.6900</y>
		<y>4.7000</y>
		<y>4.7100</y>
		<y>4.7200</y>
		<y>4.7300</y>
		<y>4.7400</y>
		<y>4.7500</y>
		<y>4.7600</y>
		<y>4.7700</y>
		<y>4.7800</y>
		<y>4.7900</y>
		<y>4.8000</y>
		<y>4.8100</y>
		<y>4.8200</y>
		<y>4.8300</y>
		<y>4.8400</y>
		<y>4.8500</y>
		<y>4.8600</y>
		<y>4.8700</y>
		<y>4.8800</y>
		<y>4.8900</y>
		<y>4.9000</y>
		<y>4.9100</y>
		<y>4.9200</y>
		<y>4.9300</y>
		<y>4.9400</y>
		<y>4.9500</y>
		<y>4.9600</y>
		<y>4.9700</y>
		<y>4.9800</y>
		<y>4.9900</y>
		<y>5.0000</y>
		<y>5.0100</y>
		<y>5.0200</y>
		<y>5.0300</y>
		<y>5.0400</y>
		<y>5.0500</y>
		<y>5.0600</y>
		<y>5.0700</y>
		<y>5.0800</y>
		<y>5.0900</y>
		<y>5.1000</y>
		<y>5.1100</y>
		<y>5.1200</y>
		<y>5.1300</y>
		<y>5.1400</y>
		<y>5.1500</y>
		<y>5.1600</y>
		<y>5.1700</y>
		<y>5.1800</y>
		<y>5.1900</y>
		<y>5.2000</y>
		<y>5.2100</y>
		<y>5.2200</y>
		<y>5.2300</y>
		<y>5.2400</y>
		<y>5.2500</y>
		<y>5.2600</y>
		<y>5.2700</y>
		<y>5.2800</y>
		<y>5.2900</y>
		<y>5.3000</y>
		<y>5.3100</y>
		<y>5.3200</y>
		<y>5.3300</y>
		<y>5.3400</y>
		<y>5.3500</y>
		<y>5.3600</y>
		<y>5.3700</y>
		<y>5.3800</y>
		<y>5.3900</y>
		<y>5.4000</y>
		<y>5.4100</y>
		<y>5.4200</y>
		<y>5.4300</y>
		<y>5.4400</y>
		<y>5.4500</y>
		<y>5.4600</y>
		<y>5.4700</y>
		<y>5.4800</y>
		<y>5.4900</y>
		<y>5.5000</y>
		<y>5.5100</y>
		<y>5.5200</y>
		<y>5.5300</y>
		<y>5.5400</y>
		<y>5.5500</y>
		<y>5.5600</y>
		<y>5.5700</y>
		<y>5.5800</y>
		<y>5.5900</y>
		<y>5.6000</y>
		<y>5.6100</y>
		<y>5.6200</y>
		<y>5.6300</y>
		<y>5.6400</y>
		<y>5.6500</y>
		<y>5.6600</y>
		<y>5.6700</y>
		<y>5.6800</y>
		<y>5.6900</y>
		<y>5.7000</y>
		<y>5.7100</y>
		<y>5.7200</y>
		<y>5.7300</y>
		<y>5.7400</y>
		<y>5.7500</y>
		<y>5.7600</y>
		<y>5.7700</y>
		<y>5.7800</y>
		<y>5.7900</y>
		<y>5.8000</y>
		<y>5.8100</y>
		<y>5.8200</y>
		<y>5.8300</y>
		<y>5.8400</y>
		<y>5.8500</y>
		<y>5.8600</y>
		<y>5.8700</y>
		<y>5.8800</y>
		<y>5.8900</y>
		<y>5.9000</y>
		<y>5.9100</y>
		<y>5.9200</y>
		<y>5.9300</y>
		<y>5.9400</y>
		<y>5.9500</y>
		<y>5.9600</y>
		<y>5.9700</y>
		<y>5.9800</y>
		<y>5.9900</y>
		<y>6.0000</y>
		<y>6.0100</y>
		<y>6.0200</y>
		<y>6.0300</y>
		<y>6.0400</y>
		<y>6.0500</y>
		<y>6.0600</y>
		<y>6.0700</y>
		<y>6.0800</y>
		<y>6.0900</y>
		<y>6.1000</y>
		<y>6.1100</y>
		<y>6.1200</y>
		<y>6.1300</y>
		<y>6.1400</y>
		<y>6.1500</y>
		<y>6.1600</y>
		<y>6.1700</y>
		<y>6.1800</y>
		<y>6.1900</y>
		<y>6.2000</y>
		<y>6.2100</y>
		<y>6.2200</y>
		<y>6.2300</y>
		<y>6.2400</y>
		<y>6.2500</y>
		<y>6.2600</y>
		<y>6.2700</y>
		<y>6.2800</y>
		<y>6.2900</y>
		<y>6.3000</y>
		<y>6.3100</y>
		<y>6.3200</y>
		<y>6.3300</y>
		<y>6.3400</y>
		<y>6.3500</y>
		<y>6.3600</y>
		<y>6.3700</y>
		<y>6.3800</y>
		<y>6.3900</y>
		<y>6.4000</y>
		<y>6.4100</y>
		<y>6.4200</y>
		<y>6.4300</y>
		<y>6.4400</y>
		<y>6.4500</y>
		<y>6.4600</y>
		<y>6.4700</y>
		<y>6.4800</y>
		<y>6.4900</y>
		<y>6.5000</y>
		<y>6.5100</y>
		<y>6.5200</y>
		<y>6.5300</y>
		<y>6.5400</y>
		<y>6.5500</y>
		<y>6.5600</y>
		<y>6.5700</y>
		<y>6.5800</y>
		<y>6.5900</y>
		<y>6.6000</y>
		<y>6.6100</y>
		<y>6.6200</y>
		<y>6.6300</y>
		<y>6.6400</y>
		<y>6.6500</y>
		<y>6.6600</y>
		<y>6.6700</y>
		<y>6.6800</y>
		<y>6.6900</y>
		<y>6.7000</y>
		<y>6.7100</y>
		<y>6.7200</y>
		<y>6.7300</y>
		<y>6.7400</y>
		<y>6.7500</y>
		<y>6.7600</y>
		<y>6.7700</y>
		<y>6.7800</y>
		<y>6.7900</y>
		<y>6.8000</y>
		<y>6.8100</y>
		<y>6.8200</y>
		<y>6.8300</y>
		<y>6.8400</y>
		<y>6.8500</y>
		<y>6.8600</y>
		<y>6.8700</y>
		<y>6.8800</y>
		<y>6.8900</y>
		<y>6.9000</y>
		<y>6.9100</y>
		<y>6.9200</y>
		<y>6.9300</y>
		<y>6.9400</y>
		<y>6.9500</y>
		<y>6.9600</y>
		<y>6.9700</y>
		<y>6.9800</y>
		<y>6.9900</y>
		<y>7.0000</y>
		<y>7.0100</y>
		<y>7.0200</y>
		<y>7.0300</y>
		<y>7.0400</y>
		<y>7.0500</y>
		<y>7.0600</y>
		<y>7.0700</y>
		<y>7.0800</y>
		<y>7.0900</y>
		<y>7.1000</y>
		<y>7.1100</y>
		<y>7.1200</y>
		<y>7.1300</y>
		<y>7.1400</y>
		<y>7.1500</y>
		<y>7.1600</y>
		<y>7.1700</y>
		<y>7.1800</y>
		<y>7.1900</y>
		<y>7.2000</y>
		<y>7.2100</y>
		<y>7.2200</y>
		<y>7.2300</y>
		<y>7.2400</y>
		<y>7.2500</y>
		<y>7.2600</y>
		<y>7.2700</y>
		<y>7.2800</y>
		<y>7.2900</y>
		<y>7.3000</y>
		<y>7.3100</y>
		<y>7.3200</y>
		<y>7.3300</y>
		<y>7.3400</y>
		<y>7.3500</y>
		<y>7.3600</y>
		<y>7.3700</y>
		<y>7.3800</y>
		<y>7.3900</y>
		<y>7.4000</y>
		<y>7.4100</y>
		<y>7.4200</y>
		<y>7.4300</y>
		<y>7.4400</y>
		<y>7.4500</y>
		<y>7.4600</y>
		<y>7.4700</y>
		<y>7.4800</y>
		<y>7.4900</y>
		<y>7.5000</y>
		<y>7.5100</y>
		<y>7.5200</y>
		<y>7.5300</y>
		<y>7.5400</y>
		<y>7.5500</y>
		<y>7.5600</y>
		<y>7.5700</y>
		<y>7.5800</y>
		<y>7.5900</y>
		<y>7.6000</y>
		<y>7.6100</y>
		<y>7.6200</y>
		<y>7.6300</y>
		<y>7.6400</y>
		<y>7.6500</y>
		<y>7.6600</y>
		<y>7.6700</y>
		<y>7.6800</y>
		<y>7.6900</y>
		<y>7.7000</y>
		<y>7.7100</y>
		<y>7.7200</y>
		<y>7.7300</y>
		<y>7.7400</y>
		<y>7.7500</y>
		<y>7.7600</y>
		<y>7.7700</y>
		<y>7.7800</y>
		<y>7.7900</y>
		<y>7.8000</y>
		<y>7.8100</y>
		<y>7.8200</y>
		<y>7.8300</y>
		<y>7.8400</y>
		<y>7.8500</y>
		<y>7.8600</y>
		<y>7.8700</y>
		<y>7.8800</y>
		<y>7.8900</y>
		<y>7.9000</y>
		<y>7.9100</y>
		<y>7.9200</y>
		<y>7.9300</y>
		<y>7.9400</y>
		<y>7.9500</y>
		<y>7.9600</y>
		<y>7.9700</y>
		<y>7.9800</y>
		<y>7.9900</y>
		<y>8.0000</y>
		<y>8.0100</y>
		<y>8.0200</y>
		<y>8.0300</y>
		<y>8.0400</y>
		<y>8.0500</y>
		<y>8.0600</y>
		<y>8.0700</y>
		<y>8.0800</y>
		<y>8.0900</y>
		<y>8.1000</y>
		<y>8.1100</y>
		<y>8.1200</y>
		<y>8.1300</y>
		<y>8.1400</y>
		<y>8.1500</y>
		<y>8.1600</y>
		<y>8.1700</y>
		<y>8.1800</y>
		<y>8.1900</y>
		<y>8.2000</y>
		<y>8.2100</y>
		<y>8.2200</y>
		<y>8.2300</y>
		<y>8.2400</y>
		<y>8.2500</y>
		<y>8.2600</y>
		<y>8.2700</y>
		<y>8.2800</y>
		<y>8.2900</y>
		<y>8.3000</y>
		<y>8.3100</y>
		<y>8.3200</y>
		<y>8.3300</y>
		<y>8.3400</y>
		<y>8.3500</y>
		<y>8.3600</y>
		<y>8.3700</y>
		<y>8.3800</y>
		<y>8.3900</y>
		<y>8.4000</y>
		<y>8.4100</y>
		<y>8.4200</y>
		<y>8.4300</y>
		<y>8.4400</y>
		<y>8.4500</y>
		<y>8.4600</y>
		<y>8.4700</y>
		<y>8.4800</y>
		<y>8.4900</y>
		<y>8.5000</y>
		<y>8.5100</y>
		<y>8.5200</y>
		<y>8.5300</y>
		<y>8.5400</y>
		<y>8.5500</y>
		<y>8.5600</y>
		<y>8.5700</y>
		<y>8.5800</y>
		<y>8.5900</y>
		<y>8.6000</y>
		<y>8.6100</y>
		<y>8.6200</y>
		<y>8.6300</y>
		<y>8.6400</y>
		<y>8.6500</y>
		<y>8.6600</y>
		<y>8.6700</y>
		<y>8.6800</y>
		<y>8.6900</y>
		<y>8.7000</y>
		<y>8.7100</y>
		<y>8.7200</y>
		<y>8.7300</y>
		<y>8.7400</y>
		<y>8.7500</y>
		<y>8.7600</y>
		<y>8.7700</y>
		<y>8.7800</y>
		<y>8.7900</y>
		<y>8.8000</y>
		<y>8.8100</y>
		<y>8.8200</y>
		<y>8.8300</y>
		<y>8.8400</y>
		<y>8.8500</y>
		<y>8.8600</y>
		<y>8.8700</y>
		<y>8.8800</y>
		<y>8.8900</y>
		<y>8.9000</y>
		<y>8.9100</y>
		<y>8.9200</y>
		<y>8.9300</y>
		<y>8.9400</y>
		<y>8.9500</y>
		<y>8.9600</y>
		<y>8.9700</y>
		<y>8.9800</y>
		<y>8.9900</y>
		<y>9.0000</y>
		<y>9.0100</y>
		<y>9.0200</y>
		<y>9.0300</y>
		<y>9.0400</y>
		<y>9.0500</y>
		<y>9.0600</y>
		<y>9.0700</y>
		<y>9.0800</y>
		<y>9.0900</y>
		<y>9.1000</y>
		<y>9.1100</y>
		<y>9.1200</y>
		<y>9.1300</y>
		<y>9.1400</y>
		<y>9.1500</y>
		<y>9.1600</y>
		<y>9.1700</y>
		<y>9.1800</y>
		<y>9.1900</y>
		<y>9.2000</y>
		<y>9.2100</y>
		<y>9.2200</y>
		<y>9.2300</y>
		<y>9.2400</y>
		<y>9.2500</y>
		<y>9.2600</y>
		<y>9.2700</y>
		<y>9.2800</y>
		<y>9.2900</y>
		<y>9.3000</y>
		<y>9.3100</y>
		<y>9.3200</y>
		<y>9.3300</y>
		<y>9.3400</y>
		<y>9.3500</y>
		<y>9.3600</y>
		<y>9.3700</y>
		<y>9.3800</y>
		<y>9.3900</y>
		<y>9.4000</y>
		<y>9.4100</y>
		<y>9.4200</y>
		<y>9.4300</y>
		<y>9.4400</y>
		<y>9.4500</y>
		<y>9.4600</y>
		<y>9.4700</y>
		<y>9.4800</y>
		<y>9.4900</y>
		<y>9.5000</y>
		<y>9.5100</y>
		<y>9.5200</y>
		<y>9.5300</y>
		<y>9.5400</y>
		<y>9.5500</y>
		<y>9.5600</y>
		<y>9.5700</y>
		<y>9.5800</y>
		<y>9.5900</y>
		<y>9.6000</y>
		<y>9.6100</y>
		<y>9.6200</y>
		<y>9.6300</y>
		<y>9.6400</y>
		<y>9.6500</y>
		<y>9.6600</y>
		<y>9.6700</y>
		<y>9.6800</y>
		<y>9.6900</y>
		<y>9.7000</y>
		<y>9.7100</y>
		<y>9.7200</y>
		<y>9.7300</y>
		<y>9.7400</y>
		<y>9.7500</y>
		<y>9.7600</y>
		<y>9.7700</y>
		<y>9.7800</y>
		<y>9.7900</y>
		<y>9.8000</y>
		<y>9.8100</y>
		<y>9.8200</y>
		<y>9.8300</y>
		<y>9.8400</y>
		<y>9.8500</y>
		<y>9.8600</y>
		<y>9.8700</y>
		<y>9.8800</y>
		<y>9.8900</y>
		<y>9.9000</y>
		<y>9.9100</y>
		<y>9.9200</y>
		<y>9.9300</y>
		<y>9.9400</y>
		<y>9.9500</y>
		<y>9.9600</y>
		<y>9.9700</y>
		<y>9.9800</y>
		<y>9.9900</y>
		<y>10.0000</y>
	<ydata>
</data>